Microchip MPLAB XC8 Compiler V2.20

Linker command line:

-W-3 --edf=C:\Program Files\Microchip\xc8\v2.20\pic\dat\en_msgs.txt -cn \
  -h+dist/default/debug\Lab-10.X.debug.sym \
  --cmf=dist/default/debug\Lab-10.X.debug.cmf -z -Q18F26K22 \
  -oC:\Users\ZJGAMB~1.ADI\AppData\Local\Temp\sgik.2 \
  --defsym=__MPLAB_BUILD=1 -Mdist/default/debug/Lab-10.X.debug.map -E1 \
  -ver=XC8 Compiler --acfsm=1493 -ASTACK=09D5h-0F37h -pstack=STACK \
  -ACODE=00h-0FFFFh -ACONST=00h-0FFFFh -ASMALLCONST=01000h-010FFhx240 \
  -AMEDIUMCONST=01000h-0FFFFh -ACOMRAM=01h-05Fh -AABS1=00h-0F37h \
  -ABIGRAM=01h-0F37h -ARAM=060h-0FFh,0100h-01FFhx14,0F00h-0F37h \
  -ABANK0=060h-0FFh -ABANK1=0100h-01FFh -ABANK2=0200h-02FFh \
  -ABANK3=0300h-03FFh -ABANK4=0400h-04FFh -ABANK5=0500h-05FFh \
  -ABANK6=0600h-06FFh -ABANK7=0700h-07FFh -ABANK8=0800h-08FFh \
  -ABANK9=0900h-09FFh -ABANK10=0A00h-0AFFh -ABANK11=0B00h-0BFFh \
  -ABANK12=0C00h-0CFFh -ABANK13=0D00h-0DFFh -ABANK14=0E00h-0EFFh \
  -ABANK15=0F00h-0F37h -ASFR=0F38h-0F5Fh,0F60h-0FFFh \
  -ACONFIG=0300000h-030000Dh -AIDLOC=0200000h-0200007h \
  -preset_vec=00h,intcode=08h,intcodelo,powerup,init -pramtop=01000h \
  -psmallconst=SMALLCONST -pmediumconst=MEDIUMCONST -pconst=CONST \
  -AFARRAM=00h-00h -AEEDATA=0F00000h-0F003FFh -peeprom_data=EEDATA \
  -prdata=COMRAM,nvrram=COMRAM,nvbit=COMRAM,rbss=COMRAM,rbit=COMRAM \
  -pfarbss=FARRAM,fardata=FARRAM,nvFARRAM=FARRAM \
  -pintsave_regs=BIGRAM,bigbss=BIGRAM,bigdata=BIGRAM -pbss=RAM \
  -pidata=CODE,irdata=CODE,ibigdata=CODE,ifardata=CODE -prparam=COMRAM \
  C:\Users\ZJGAMB~1.ADI\AppData\Local\Temp\sgik.o \
  dist/default/debug\Lab-10.X.debug.o 

Object code version is 3.11

Machine type is 18F26K22



                Name                               Link     Load   Length Selector   Space Scale
C:\Users\ZJGAMB~1.ADI\AppData\Local\Temp\sgik.o
                idloc                            200000   200000        8        0       5
                config                           300000   300000        E        0       4
                init                                 4E       4E        4        4       0
                reset_vec                             0        0        4        0       0
dist/default/debug\Lab-10.X.debug.o
                intcode                               8        8       46        4       0
                idloc                            200000   200000        8        0       5
                config                           300000   300000        E        0       4
                temp                                 4D       4D        1        1       1
                mediumconst                        F316     F316      CEA     798B       0
                text61                             35DA     35DA       30        4       0
                text60                             36F2     36F2       1E        4       0
                text59                             37E4     37E4        A        4       0
                text58                             1754     1754      2E8        4       0
                text57                             37FA     37FA        2        4       0
                text56                             35A4     35A4       36        4       0
                text54                             365E     365E       28        4       0
                text53                             3772     3772       14        4       0
                text52                             372C     372C       1A        4       0
                text51                             36AC     36AC       26        4       0
                text50                             3500     3500       38        4       0
                text49                             32C4     32C4       52        4       0
                text48                             25DE     25DE      19A        4       0
                text47                             375C     375C       16        4       0
                text46                             37DA     37DA        A        4       0
                text45                             2FA4     2FA4       96        4       0
                text44                             335A     335A       44        4       0
                text43                             356E     356E       36        4       0
                text42                             2D9C     2D9C       C2        4       0
                text41                             326A     326A       5A        4       0
                text40                             2778     2778      188        4       0
                text39                             2A78     2A78      164        4       0
                text38                             339E     339E       40        4       0
                text37                             1A3C     1A3C      2E4        4       0
                text36                             2BDC     2BDC       F0        4       0
                text35                             2CCC     2CCC       D0        4       0
                text34                             1FFE     1FFE      208        4       0
                text33                             341C     341C       3C        4       0
                text32                             34C8     34C8       38        4       0
                text31                             3490     3490       38        4       0
                text30                             320C     320C       5E        4       0
                text29                             1D20     1D20      2DE        4       0
                text28                             11D0     11D0      584        4       0
                text27                             31A8     31A8       64        4       0
                text26                             3636     3636       28        4       0
                text25                             2900     2900      178        4       0
                text24                             3458     3458       38        4       0
                text23                             2F0A     2F0A       9A        4       0
                text22                             303A     303A       8E        4       0
                text21                             37F6     37F6        4        4       0
                text20                             2E5E     2E5E       AC        4       0
                text19                             3746     3746       16        4       0
                text18                             36D2     36D2       20        4       0
                text17                             37D0     37D0        A        4       0
                text16                             37C6     37C6        A        4       0
                text15                             37BC     37BC        A        4       0
                text14                             33DE     33DE       3E        4       0
                text13                             37F2     37F2        4        4       0
                text12                             3710     3710       1C        4       0
                text11                             360A     360A       2C        4       0
                text10                             3786     3786       12        4       0
                text9                              37B2     37B2        A        4       0
                text8                              3538     3538       36        4       0
                text7                              3798     3798       10        4       0
                text6                              3686     3686       26        4       0
                text5                              37A8     37A8        A        4       0
                text4                              23F2     23F2      1EC        4       0
                text3                              3316     3316       44        4       0
                text2                              313C     313C       6C        4       0
                text1                              2206     2206      1EC        4       0
                text0                                52       52     117E        4       0
                cstackCOMRAM                          1        1       3A        1       1
                cstackBANK0                          60       60       5F       60       1
                cstackBANK1                         1A0      1A0       35      100       1
                bssBIGRAM                           1D5      1D5      800      1D5       1
                bssBANK1                            100      100       A0      100       1
                dataBANK0                            D2       D2        4       60       1
                bssBANK0                             BF       BF       13       60       1
                dataCOMRAM                           4C       4C        1        1       1
                bssCOMRAM                            3B       3B       11        1       1
                cinit                              30C8     30C8       74        4       0
                idataBANK0                         37EE     37EE        4        4       0
                idataCOMRAM                        37FC     37FC        1        4       0

TOTAL           Name                               Link     Load   Length     Space
        CLASS   STACK          

        CLASS   CODE           
                intcode                               8        8       46         0
                init                                 4E       4E        4         0
                reset_vec                             0        0        4         0
                text61                             35DA     35DA       30         0
                text60                             36F2     36F2       1E         0
                text59                             37E4     37E4        A         0
                text58                             1754     1754      2E8         0
                text57                             37FA     37FA        2         0
                text56                             35A4     35A4       36         0
                text54                             365E     365E       28         0
                text53                             3772     3772       14         0
                text52                             372C     372C       1A         0
                text51                             36AC     36AC       26         0
                text50                             3500     3500       38         0
                text49                             32C4     32C4       52         0
                text48                             25DE     25DE      19A         0
                text47                             375C     375C       16         0
                text46                             37DA     37DA        A         0
                text45                             2FA4     2FA4       96         0
                text44                             335A     335A       44         0
                text43                             356E     356E       36         0
                text42                             2D9C     2D9C       C2         0
                text41                             326A     326A       5A         0
                text40                             2778     2778      188         0
                text39                             2A78     2A78      164         0
                text38                             339E     339E       40         0
                text37                             1A3C     1A3C      2E4         0
                text36                             2BDC     2BDC       F0         0
                text35                             2CCC     2CCC       D0         0
                text34                             1FFE     1FFE      208         0
                text33                             341C     341C       3C         0
                text32                             34C8     34C8       38         0
                text31                             3490     3490       38         0
                text30                             320C     320C       5E         0
                text29                             1D20     1D20      2DE         0
                text28                             11D0     11D0      584         0
                text27                             31A8     31A8       64         0
                text26                             3636     3636       28         0
                text25                             2900     2900      178         0
                text24                             3458     3458       38         0
                text23                             2F0A     2F0A       9A         0
                text22                             303A     303A       8E         0
                text21                             37F6     37F6        4         0
                text20                             2E5E     2E5E       AC         0
                text19                             3746     3746       16         0
                text18                             36D2     36D2       20         0
                text17                             37D0     37D0        A         0
                text16                             37C6     37C6        A         0
                text15                             37BC     37BC        A         0
                text14                             33DE     33DE       3E         0
                text13                             37F2     37F2        4         0
                text12                             3710     3710       1C         0
                text11                             360A     360A       2C         0
                text10                             3786     3786       12         0
                text9                              37B2     37B2        A         0
                text8                              3538     3538       36         0
                text7                              3798     3798       10         0
                text6                              3686     3686       26         0
                text5                              37A8     37A8        A         0
                text4                              23F2     23F2      1EC         0
                text3                              3316     3316       44         0
                text2                              313C     313C       6C         0
                text1                              2206     2206      1EC         0
                text0                                52       52     117E         0
                cinit                              30C8     30C8       74         0
                idataBANK0                         37EE     37EE        4         0
                idataCOMRAM                        37FC     37FC        1         0

        CLASS   CONST          

        CLASS   SMALLCONST     

        CLASS   MEDIUMCONST    
                mediumconst                        F316     F316      CEA         0

        CLASS   COMRAM         
                temp                                 4D       4D        1         1
                cstackCOMRAM                          1        1       3A         1
                dataCOMRAM                           4C       4C        1         1
                bssCOMRAM                            3B       3B       11         1

        CLASS   ABS1           

        CLASS   BIGRAM         
                bssBIGRAM                           1D5      1D5      800         1

        CLASS   RAM            

        CLASS   BANK0          
                cstackBANK0                          60       60       5F         1
                dataBANK0                            D2       D2        4         1
                bssBANK0                             BF       BF       13         1

        CLASS   BANK1          
                cstackBANK1                         1A0      1A0       35         1
                bssBANK1                            100      100       A0         1

        CLASS   BANK2          

        CLASS   BANK3          

        CLASS   BANK4          

        CLASS   BANK5          

        CLASS   BANK6          

        CLASS   BANK7          

        CLASS   BANK8          

        CLASS   BANK9          

        CLASS   BANK10         

        CLASS   BANK11         

        CLASS   BANK12         

        CLASS   BANK13         

        CLASS   BANK14         

        CLASS   BANK15         

        CLASS   SFR            

        CLASS   CONFIG         
                config                           300000   300000        E         4

        CLASS   IDLOC          
                idloc                            200000   200000        8         5

        CLASS   FARRAM         

        CLASS   EEDATA         



SEGMENTS        Name                           Load    Length   Top    Selector   Space  Class

                reset_vec                      000000  000004  000004         0       0  CODE    
                cstackCOMRAM                   000001  00004D  00004E         1       1  COMRAM  
                intcode                        000008  0037F5  0037FD         4       0  CODE    
                cstackBANK0                    000060  000076  0000D6        60       1  BANK0   
                bssBANK1                       000100  0000D5  0001D5       100       1  BANK1   
                bssBIGRAM                      0001D5  000800  0009D5       1D5       1  BIGRAM  
                mediumconst                    00F316  000CEA  010000      798B       0  MEDIUMCO


UNUSED ADDRESS RANGES

        Name                Unused          Largest block    Delta
        BANK0            0000D6-0000FF               2A
        BANK10           000A00-000AFF              100
        BANK11           000B00-000BFF              100
        BANK12           000C00-000CFF              100
        BANK13           000D00-000DFF              100
        BANK14           000E00-000EFF              100
        BANK15           000F00-000F37               38
        BANK9            0009D5-0009FF               2B
        BIGRAM           00004E-00005F               12
                         0000D6-0000FF               2A
                         0009D5-000F37              563
        CODE             000004-000007                4
                         0037FD-00F315             BB19
        COMRAM           00004E-00005F               12
        CONST            000004-000007                4
                         0037FD-00F315             BB19
        EEDATA           F00000-F003FF              400
        MEDIUMCONST      0037FD-00F315             BB19
        RAM              0000D6-0000FF               2A
                         0009D5-000F37              100
        SFR              000F38-000FFF               28
        SMALLCONST       0037FD-00F315              100
        STACK            0009D5-000F37              563

                                  Symbol Table

?_TMR0_ReadTimer                                cstackCOMRAM 000001
?___aodiv                                       cstackCOMRAM 000013
?___aomod                                       cstackCOMRAM 000013
?___lodiv                                       cstackCOMRAM 000013
?___lomod                                       cstackCOMRAM 000013
?___wmul                                        cstackCOMRAM 000013
?_abs                                           cstackCOMRAM 000025
?_atoi                                          cstackCOMRAM 00001A
?_ctoa                                          cstackCOMRAM 000030
?_dtoa                                          cstackCOMRAM 000030
?_incrementAddress                              cstackCOMRAM 000013
?_isalpha                                       cstackCOMRAM 000013
?_isdigit                                       cstackCOMRAM 000013
?_islower                                       cstackCOMRAM 000013
?_isspace                                       cstackCOMRAM 000013
?_isupper                                       cstackCOMRAM 000013
?_pad                                           cstackCOMRAM 000025
?_printf                                        cstackBANK0  0000A3
?_strlen                                        cstackCOMRAM 000013
?_toupper                                       cstackCOMRAM 000019
?_utoa                                          cstackCOMRAM 000030
?_vfpfcnvrt                                     cstackBANK0  00007C
?_vfprintf                                      cstackBANK0  00009B
?_xtoa                                          cstackCOMRAM 000030
EPWM1_LoadDutyValue@dutyValue                   cstackCOMRAM 000001
EUSART1_SetErrorHandler@interruptHandler        cstackCOMRAM 000013
EUSART1_SetFramingErrorHandler@interruptHandler cstackCOMRAM 000013
EUSART1_SetOverrunErrorHandler@interruptHandler cstackCOMRAM 000013
EUSART1_Write@txData                            cstackCOMRAM 000013
SDCARD_Initialize@i                             cstackBANK0  0000B1
SDCARD_Initialize@response                      cstackBANK0  0000B4
SDCARD_Initialize@verbose                       cstackBANK0  0000B3
SDCARD_PollWriteComplete@status                 cstackCOMRAM 000014
SDCARD_ReadBlock@addr                           cstackCOMRAM 000014
SDCARD_ReadBlock@i                              cstackCOMRAM 00001A
SDCARD_ReadBlock@sdCardBuffer                   cstackCOMRAM 000018
SDCARD_WriteBlock@addr                          cstackCOMRAM 000014
SDCARD_WriteBlock@i                             cstackCOMRAM 00001A
SDCARD_WriteBlock@sdCardBuffer                  cstackCOMRAM 000018
SPI2_ExchangeByte@data                          cstackCOMRAM 000013
SPI2_Open@spi2UniqueConfiguration               cstackCOMRAM 000014
TMR0_ReadTimer@readVal                          cstackCOMRAM 000005
TMR0_ReadTimer@readValHigh                      cstackCOMRAM 000008
TMR0_ReadTimer@readValLow                       cstackCOMRAM 000007
TMR0_SetInterruptHandler@InterruptHandler       cstackCOMRAM 000013
TMR0_WriteTimer@timerVal                        cstackCOMRAM 000013
_ADCON0                                         (abs)        000FC2
_ADCON0bits                                     (abs)        000FC2
_ADCON1                                         (abs)        000FC1
_ADCON2                                         (abs)        000FC0
_ADC_Initialize                                 text19       003746
_ADC_InterruptHandler                           bssBANK0     0000C5
_ADRESH                                         (abs)        000FC4
_ADRESL                                         (abs)        000FC3
_ANSELA                                         (abs)        000F38
_ANSELB                                         (abs)        000F39
_ANSELC                                         (abs)        000F3A
_BAUDCON1                                       (abs)        000FB8
_CCP1CON                                        (abs)        000FBD
_CCPR1H                                         (abs)        000FBF
_CCPR1L                                         (abs)        000FBE
_CCPTMRS0bits                                   (abs)        000F49
_ECCP1AS                                        (abs)        000FB6
_EPWM1_Initialize                               text18       0036D2
_EPWM1_LoadDutyValue                            text61       0035DA
_EUSART1_DefaultErrorHandler                    (abs)        000000
_EUSART1_DefaultFramingErrorHandler             (abs)        000000
_EUSART1_DefaultOverrunErrorHandler             (abs)        000000
_EUSART1_ErrorHandler                           bssBANK0     0000C7
_EUSART1_FramingErrorHandler                    bssBANK0     0000CB
_EUSART1_Initialize                             text14       0033DE
_EUSART1_OverrunErrorHandler                    bssBANK0     0000C9
_EUSART1_Read                                   text54       00365E
_EUSART1_SetErrorHandler                        text17       0037D0
_EUSART1_SetFramingErrorHandler                 text16       0037C6
_EUSART1_SetOverrunErrorHandler                 text15       0037BC
_EUSART1_Write                                  text47       00375C
_EUSART1_is_rx_ready                            text53       003772
_INTCON2bits                                    (abs)        000FF1
_INTCONbits                                     (abs)        000FF2
_INTERRUPT_Initialize                           text13       0037F2
_INTERRUPT_InterruptManager                     intcode      000008
_LATA                                           (abs)        000F89
_LATB                                           (abs)        000F8A
_LATBbits                                       (abs)        000F8A
_LATC                                           (abs)        000F8B
_OSCCON                                         (abs)        000FD3
_OSCCON2                                        (abs)        000FD2
_OSCILLATOR_Initialize                          text12       003710
_OSCTUNE                                        (abs)        000F9B
_PIN_MANAGER_Initialize                         text11       00360A
_PIR1bits                                       (abs)        000F9E
_PIR3bits                                       (abs)        000FA4
_PLLRDY                                         (abs)        007E97
_PR2                                            (abs)        000FBB
_PSTR1CON                                       (abs)        000FB9
_PWM1CON                                        (abs)        000FB7
_RCONbits                                       (abs)        000FD0
_RCREG1                                         (abs)        000FAE
_RCSTA1                                         (abs)        000FAB
_RCSTA1bits                                     (abs)        000FAB
_SDCARD_Initialize                              text25       002900
_SDCARD_PollWriteComplete                       text24       003458
_SDCARD_ReadBlock                               text23       002F0A
_SDCARD_WriteBlock                              text22       00303A
_SPBRG1                                         (abs)        000FAF
_SPBRGH1                                        (abs)        000FB0
_SPI2_Close                                     text21       0037F6
_SPI2_ExchangeByte                              text52       00372C
_SPI2_Initialize                                text10       003786
_SPI2_Open                                      text20       002E5E
_SSP2ADD                                        (abs)        000F6E
_SSP2BUF                                        (abs)        000F6F
_SSP2CON1                                       (abs)        000F6C
_SSP2CON1bits                                   (abs)        000F6C
_SSP2CON2                                       (abs)        000F6B
_SSP2STAT                                       (abs)        000F6D
_SYSTEM_Initialize                              text6        003686
_T0CON                                          (abs)        000FD5
_T0CONbits                                      (abs)        000FD5
_T2CON                                          (abs)        000FBA
_T2CONbits                                      (abs)        000FBA
_TMR0H                                          (abs)        000FD7
_TMR0L                                          (abs)        000FD6
_TMR0_DefaultInterruptHandler                   text57       0037FA
_TMR0_ISR                                       text56       0035A4
_TMR0_Initialize                                text8        003538
_TMR0_InterruptHandler                          bssCOMRAM    000045
_TMR0_ReadTimer                                 text60       0036F2
_TMR0_SetInterruptHandler                       text9        0037B2
_TMR0_WriteTimer                                text5        0037A8
_TMR2                                           (abs)        000FBC
_TMR2_Initialize                                text7        003798
_TRISA                                          (abs)        000F92
_TRISB                                          (abs)        000F93
_TRISBbits                                      (abs)        000F93
_TRISC                                          (abs)        000F94
_TXREG1                                         (abs)        000FAD
_TXSTA1                                         (abs)        000FAC
_TXSTA1bits                                     (abs)        000FAC
_WPUB                                           (abs)        000F61
__HRAM                                          (abs)        000000
__Habs1                                         abs1         000000
__Hbank0                                        bank0        000000
__Hbank1                                        bank1        000000
__Hbank10                                       bank10       000000
__Hbank11                                       bank11       000000
__Hbank12                                       bank12       000000
__Hbank13                                       bank13       000000
__Hbank14                                       bank14       000000
__Hbank15                                       bank15       000000
__Hbank2                                        bank2        000000
__Hbank3                                        bank3        000000
__Hbank4                                        bank4        000000
__Hbank5                                        bank5        000000
__Hbank6                                        bank6        000000
__Hbank7                                        bank7        000000
__Hbank8                                        bank8        000000
__Hbank9                                        bank9        000000
__Hbigbss                                       bigbss       000000
__Hbigdata                                      bigdata      000000
__Hbigram                                       bigram       000000
__Hbss                                          bss          000000
__HbssBANK0                                     bssBANK0     000000
__HbssBANK1                                     bssBANK1     000000
__HbssBIGRAM                                    bssBIGRAM    000000
__HbssCOMRAM                                    bssCOMRAM    000000
__Hcinit                                        cinit        000000
__Hclrtext                                      clrtext      000000
__Hcomram                                       comram       000000
__Hconfig                                       config       30000E
__Hconst                                        const        000000
__HcstackBANK0                                  cstackBANK0  000000
__HcstackBANK1                                  cstackBANK1  000000
__HcstackCOMRAM                                 cstackCOMRAM 000000
__Hdata                                         data         000000
__HdataBANK0                                    dataBANK0    000000
__HdataCOMRAM                                   dataCOMRAM   000000
__Heeprom_data                                  eeprom_data  000000
__Hfarbss                                       farbss       000000
__Hfardata                                      fardata      000000
__Hibigdata                                     ibigdata     000000
__Hidata                                        idata        000000
__HidataBANK0                                   idataBANK0   000000
__HidataCOMRAM                                  idataCOMRAM  000000
__Hidloc                                        idloc        200008
__Hifardata                                     ifardata     000000
__Hinit                                         init         000052
__Hintcode                                      intcode      00004E
__Hintcode_body                                 intcode_body 000000
__Hintcodelo                                    intcodelo    00004E
__Hintentry                                     intentry     000000
__Hintret                                       intret       000000
__Hintsave_regs                                 intsave_regs 000000
__Hirdata                                       irdata       000000
__Hmediumconst                                  mediumconst  010000
__HnvFARRAM                                     nvFARRAM     000000
__Hnvbit                                        nvbit        000000
__Hnvrram                                       nvrram       000000
__Hparam                                        rparam       000000
__Hpowerup                                      powerup      00004E
__Hram                                          ram          000000
__Hramtop                                       ramtop       001000
__Hrbit                                         rbit         000000
__Hrbss                                         rbss         000000
__Hrdata                                        rdata        000000
__Hreset_vec                                    reset_vec    000004
__Hrparam                                       rparam       000000
__Hsfr                                          sfr          000000
__Hsmallconst                                   smallconst   000000
__Hspace_0                                      (abs)        010000
__Hspace_1                                      (abs)        0009D5
__Hspace_2                                      (abs)        000000
__Hspace_4                                      (abs)        60000E
__Hstack                                        stack        000000
__Hstruct                                       struct       000000
__Htemp                                         temp         00004E
__Htext                                         text         000000
__Htext0                                        text0        000000
__Htext1                                        text1        000000
__Htext10                                       text10       000000
__Htext11                                       text11       000000
__Htext12                                       text12       000000
__Htext13                                       text13       000000
__Htext14                                       text14       000000
__Htext15                                       text15       000000
__Htext16                                       text16       000000
__Htext17                                       text17       000000
__Htext18                                       text18       000000
__Htext19                                       text19       000000
__Htext2                                        text2        000000
__Htext20                                       text20       000000
__Htext21                                       text21       000000
__Htext22                                       text22       000000
__Htext23                                       text23       000000
__Htext24                                       text24       000000
__Htext25                                       text25       000000
__Htext26                                       text26       000000
__Htext27                                       text27       000000
__Htext28                                       text28       000000
__Htext29                                       text29       000000
__Htext3                                        text3        000000
__Htext30                                       text30       000000
__Htext31                                       text31       000000
__Htext32                                       text32       000000
__Htext33                                       text33       000000
__Htext34                                       text34       000000
__Htext35                                       text35       000000
__Htext36                                       text36       000000
__Htext37                                       text37       000000
__Htext38                                       text38       000000
__Htext39                                       text39       000000
__Htext4                                        text4        000000
__Htext40                                       text40       000000
__Htext41                                       text41       000000
__Htext42                                       text42       000000
__Htext43                                       text43       000000
__Htext44                                       text44       000000
__Htext45                                       text45       000000
__Htext46                                       text46       000000
__Htext47                                       text47       000000
__Htext48                                       text48       000000
__Htext49                                       text49       000000
__Htext5                                        text5        000000
__Htext50                                       text50       000000
__Htext51                                       text51       000000
__Htext52                                       text52       000000
__Htext53                                       text53       000000
__Htext54                                       text54       000000
__Htext56                                       text56       000000
__Htext57                                       text57       000000
__Htext58                                       text58       000000
__Htext59                                       text59       000000
__Htext6                                        text6        000000
__Htext60                                       text60       000000
__Htext61                                       text61       000000
__Htext62                                       text62       000000
__Htext7                                        text7        000000
__Htext8                                        text8        000000
__Htext9                                        text9        000000
__LRAM                                          (abs)        000001
__Labs1                                         abs1         000000
__Lbank0                                        bank0        000000
__Lbank1                                        bank1        000000
__Lbank10                                       bank10       000000
__Lbank11                                       bank11       000000
__Lbank12                                       bank12       000000
__Lbank13                                       bank13       000000
__Lbank14                                       bank14       000000
__Lbank15                                       bank15       000000
__Lbank2                                        bank2        000000
__Lbank3                                        bank3        000000
__Lbank4                                        bank4        000000
__Lbank5                                        bank5        000000
__Lbank6                                        bank6        000000
__Lbank7                                        bank7        000000
__Lbank8                                        bank8        000000
__Lbank9                                        bank9        000000
__Lbigbss                                       bigbss       000000
__Lbigdata                                      bigdata      000000
__Lbigram                                       bigram       000000
__Lbss                                          bss          000000
__LbssBANK0                                     bssBANK0     000000
__LbssBANK1                                     bssBANK1     000000
__LbssBIGRAM                                    bssBIGRAM    000000
__LbssCOMRAM                                    bssCOMRAM    000000
__Lcinit                                        cinit        000000
__Lclrtext                                      clrtext      000000
__Lcomram                                       comram       000000
__Lconfig                                       config       000000
__Lconst                                        const        000000
__LcstackBANK0                                  cstackBANK0  000000
__LcstackBANK1                                  cstackBANK1  000000
__LcstackCOMRAM                                 cstackCOMRAM 000000
__Ldata                                         data         000000
__LdataBANK0                                    dataBANK0    000000
__LdataCOMRAM                                   dataCOMRAM   000000
__Leeprom_data                                  eeprom_data  000000
__Lfarbss                                       farbss       000000
__Lfardata                                      fardata      000000
__Libigdata                                     ibigdata     000000
__Lidata                                        idata        000000
__LidataBANK0                                   idataBANK0   000000
__LidataCOMRAM                                  idataCOMRAM  000000
__Lidloc                                        idloc        000000
__Lifardata                                     ifardata     000000
__Linit                                         init         00004E
__Lintcode                                      intcode      000008
__Lintcode_body                                 intcode_body 000000
__Lintcodelo                                    intcodelo    00004E
__Lintentry                                     intentry     000000
__Lintret                                       intret       000000
__Lintsave_regs                                 intsave_regs 000000
__Lirdata                                       irdata       000000
__Lmediumconst                                  mediumconst  00F316
__LnvFARRAM                                     nvFARRAM     000000
__Lnvbit                                        nvbit        000000
__Lnvrram                                       nvrram       000000
__Lparam                                        rparam       000000
__Lpowerup                                      powerup      00004E
__Lram                                          ram          000000
__Lramtop                                       ramtop       001000
__Lrbit                                         rbit         000000
__Lrbss                                         rbss         000000
__Lrdata                                        rdata        000000
__Lreset_vec                                    reset_vec    000000
__Lrparam                                       rparam       000000
__Lsfr                                          sfr          000000
__Lsmallconst                                   smallconst   000000
__Lspace_0                                      (abs)        000000
__Lspace_1                                      (abs)        000000
__Lspace_2                                      (abs)        000000
__Lspace_4                                      (abs)        000000
__Lstack                                        stack        000000
__Lstruct                                       struct       000000
__Ltemp                                         temp         00004D
__Ltext                                         text         000000
__Ltext0                                        text0        000000
__Ltext1                                        text1        000000
__Ltext10                                       text10       000000
__Ltext11                                       text11       000000
__Ltext12                                       text12       000000
__Ltext13                                       text13       000000
__Ltext14                                       text14       000000
__Ltext15                                       text15       000000
__Ltext16                                       text16       000000
__Ltext17                                       text17       000000
__Ltext18                                       text18       000000
__Ltext19                                       text19       000000
__Ltext2                                        text2        000000
__Ltext20                                       text20       000000
__Ltext21                                       text21       000000
__Ltext22                                       text22       000000
__Ltext23                                       text23       000000
__Ltext24                                       text24       000000
__Ltext25                                       text25       000000
__Ltext26                                       text26       000000
__Ltext27                                       text27       000000
__Ltext28                                       text28       000000
__Ltext29                                       text29       000000
__Ltext3                                        text3        000000
__Ltext30                                       text30       000000
__Ltext31                                       text31       000000
__Ltext32                                       text32       000000
__Ltext33                                       text33       000000
__Ltext34                                       text34       000000
__Ltext35                                       text35       000000
__Ltext36                                       text36       000000
__Ltext37                                       text37       000000
__Ltext38                                       text38       000000
__Ltext39                                       text39       000000
__Ltext4                                        text4        000000
__Ltext40                                       text40       000000
__Ltext41                                       text41       000000
__Ltext42                                       text42       000000
__Ltext43                                       text43       000000
__Ltext44                                       text44       000000
__Ltext45                                       text45       000000
__Ltext46                                       text46       000000
__Ltext47                                       text47       000000
__Ltext48                                       text48       000000
__Ltext49                                       text49       000000
__Ltext5                                        text5        000000
__Ltext50                                       text50       000000
__Ltext51                                       text51       000000
__Ltext52                                       text52       000000
__Ltext53                                       text53       000000
__Ltext54                                       text54       000000
__Ltext56                                       text56       000000
__Ltext57                                       text57       000000
__Ltext58                                       text58       000000
__Ltext59                                       text59       000000
__Ltext6                                        text6        000000
__Ltext60                                       text60       000000
__Ltext61                                       text61       000000
__Ltext62                                       text62       000000
__Ltext7                                        text7        000000
__Ltext8                                        text8        000000
__Ltext9                                        text9        000000
__S0                                            (abs)        010000
__S1                                            (abs)        0009D5
__S2                                            (abs)        000000
__S4                                            (abs)        000000
__S5                                            (abs)        000000
___aodiv                                        text40       002778
___aodiv@counter                                cstackCOMRAM 000023
___aodiv@dividend                               cstackCOMRAM 000013
___aodiv@divisor                                cstackCOMRAM 00001B
___aodiv@quotient                               cstackCOMRAM 000025
___aodiv@sign                                   cstackCOMRAM 000024
___aomod                                        text39       002A78
___aomod@counter                                cstackCOMRAM 000023
___aomod@dividend                               cstackCOMRAM 000013
___aomod@divisor                                cstackCOMRAM 00001B
___aomod@sign                                   cstackCOMRAM 000024
___inthi_sp                                     stack        000000
___intlo_sp                                     stack        000000
___lodiv                                        text36       002BDC
___lodiv@counter                                cstackCOMRAM 00002B
___lodiv@dividend                               cstackCOMRAM 000013
___lodiv@divisor                                cstackCOMRAM 00001B
___lodiv@quotient                               cstackCOMRAM 000023
___lomod                                        text35       002CCC
___lomod@counter                                cstackCOMRAM 000023
___lomod@dividend                               cstackCOMRAM 000013
___lomod@divisor                                cstackCOMRAM 00001B
___param_bank                                   (abs)        000000
___rparam_used                                  (abs)        000001
___sp                                           stack        000000
___wmul                                         text51       0036AC
___wmul@multiplicand                            cstackCOMRAM 000015
___wmul@multiplier                              cstackCOMRAM 000013
___wmul@product                                 cstackCOMRAM 000017
__accesstop                                     (abs)        000060
__activetblptr                                  (abs)        000003
__end_of_ADC_Initialize                         text19       00375C
__end_of_EPWM1_Initialize                       text18       0036F2
__end_of_EPWM1_LoadDutyValue                    text61       00360A
__end_of_EUSART1_Initialize                     text14       00341C
__end_of_EUSART1_Read                           text54       003686
__end_of_EUSART1_SetErrorHandler                text17       0037DA
__end_of_EUSART1_SetFramingErrorHandler         text16       0037D0
__end_of_EUSART1_SetOverrunErrorHandler         text15       0037C6
__end_of_EUSART1_Write                          text47       003772
__end_of_EUSART1_is_rx_ready                    text53       003786
__end_of_INTERRUPT_Initialize                   text13       0037F6
__end_of_INTERRUPT_InterruptManager             intcode      00004E
__end_of_OSCILLATOR_Initialize                  text12       00372C
__end_of_PIN_MANAGER_Initialize                 text11       003636
__end_of_SDCARD_Initialize                      text25       002A78
__end_of_SDCARD_PollWriteComplete               text24       003490
__end_of_SDCARD_ReadBlock                       text23       002FA4
__end_of_SDCARD_WriteBlock                      text22       0030C8
__end_of_SPI2_Close                             text21       0037FA
__end_of_SPI2_ExchangeByte                      text52       003746
__end_of_SPI2_Initialize                        text10       003798
__end_of_SPI2_Open                              text20       002F0A
__end_of_SYSTEM_Initialize                      text6        0036AC
__end_of_TMR0_DefaultInterruptHandler           text57       0037FC
__end_of_TMR0_ISR                               text56       0035DA
__end_of_TMR0_Initialize                        text8        00356E
__end_of_TMR0_ReadTimer                         text60       003710
__end_of_TMR0_SetInterruptHandler               text9        0037BC
__end_of_TMR0_WriteTimer                        text5        0037B2
__end_of_TMR2_Initialize                        text7        0037A8
__end_of___aodiv                                text40       002900
__end_of___aomod                                text39       002BDC
__end_of___lodiv                                text36       002CCC
__end_of___lomod                                text35       002D9C
__end_of___wmul                                 text51       0036D2
__end_of__initialization                        cinit        003132
__end_of_abs                                    text38       0033DE
__end_of_atoi                                   text48       002778
__end_of_ctoa                                   text41       0032C4
__end_of_dtoa                                   text37       001D20
__end_of_fputc                                  text45       00303A
__end_of_fputs                                  text44       00339E
__end_of_hexDumpBuffer                          text4        0025DE
__end_of_incrementAddress                       text3        00335A
__end_of_isalpha                                text33       003458
__end_of_isdigit                                text50       003538
__end_of_islower                                text31       0034C8
__end_of_isspace                                text49       003316
__end_of_isupper                                text32       003500
__end_of_main                                   text0        0011D0
__end_of_myTMR0ISR                              text58       001A3C
__end_of_pad                                    text42       002E5E
__end_of_printAddress                           text2        0031A8
__end_of_printAscii                             text1        0023F2
__end_of_printf                                 text26       00365E
__end_of_putch                                  text46       0037E4
__end_of_sin                                    mediumconst  00F331
__end_of_spi2_configuration                     mediumconst  00F335
__end_of_strlen                                 text43       0035A4
__end_of_toupper                                text30       00326A
__end_of_utoa                                   text34       002206
__end_of_vfpfcnvrt                              text28       001754
__end_of_vfprintf                               text27       00320C
__end_of_xtoa                                   text29       001FFE
__end_ofi2_TMR0_WriteTimer                      text59       0037EE
__initialization                                cinit        0030C8
__mediumconst                                   mediumconst  00F316
__pbssBANK0                                     bssBANK0     0000BF
__pbssBANK1                                     bssBANK1     000100
__pbssBIGRAM                                    bssBIGRAM    0001D5
__pbssCOMRAM                                    bssCOMRAM    00003B
__pcinit                                        cinit        0030C8
__pcstackBANK0                                  cstackBANK0  000060
__pcstackBANK1                                  cstackBANK1  0001A0
__pcstackCOMRAM                                 cstackCOMRAM 000001
__pdataBANK0                                    dataBANK0    0000D2
__pdataCOMRAM                                   dataCOMRAM   00004C
__pidataBANK0                                   idataBANK0   0037EE
__pidataCOMRAM                                  idataCOMRAM  0037FC
__pintcode                                      intcode      000008
__pmediumconst                                  mediumconst  00F316
__ptext0                                        text0        000052
__ptext1                                        text1        002206
__ptext10                                       text10       003786
__ptext11                                       text11       00360A
__ptext12                                       text12       003710
__ptext13                                       text13       0037F2
__ptext14                                       text14       0033DE
__ptext15                                       text15       0037BC
__ptext16                                       text16       0037C6
__ptext17                                       text17       0037D0
__ptext18                                       text18       0036D2
__ptext19                                       text19       003746
__ptext2                                        text2        00313C
__ptext20                                       text20       002E5E
__ptext21                                       text21       0037F6
__ptext22                                       text22       00303A
__ptext23                                       text23       002F0A
__ptext24                                       text24       003458
__ptext25                                       text25       002900
__ptext26                                       text26       003636
__ptext27                                       text27       0031A8
__ptext28                                       text28       0011D0
__ptext29                                       text29       001D20
__ptext3                                        text3        003316
__ptext30                                       text30       00320C
__ptext31                                       text31       003490
__ptext32                                       text32       0034C8
__ptext33                                       text33       00341C
__ptext34                                       text34       001FFE
__ptext35                                       text35       002CCC
__ptext36                                       text36       002BDC
__ptext37                                       text37       001A3C
__ptext38                                       text38       00339E
__ptext39                                       text39       002A78
__ptext4                                        text4        0023F2
__ptext40                                       text40       002778
__ptext41                                       text41       00326A
__ptext42                                       text42       002D9C
__ptext43                                       text43       00356E
__ptext44                                       text44       00335A
__ptext45                                       text45       002FA4
__ptext46                                       text46       0037DA
__ptext47                                       text47       00375C
__ptext48                                       text48       0025DE
__ptext49                                       text49       0032C4
__ptext5                                        text5        0037A8
__ptext50                                       text50       003500
__ptext51                                       text51       0036AC
__ptext52                                       text52       00372C
__ptext53                                       text53       003772
__ptext54                                       text54       00365E
__ptext56                                       text56       0035A4
__ptext57                                       text57       0037FA
__ptext58                                       text58       001754
__ptext59                                       text59       0037E4
__ptext6                                        text6        003686
__ptext60                                       text60       0036F2
__ptext61                                       text61       0035DA
__ptext62                                       text62       000000
__ptext7                                        text7        003798
__ptext8                                        text8        003538
__ptext9                                        text9        0037B2
__ramtop                                        ramtop       001000
__size_of_ADC_Initialize                        (abs)        000000
__size_of_EPWM1_Initialize                      (abs)        000000
__size_of_EPWM1_LoadDutyValue                   (abs)        000000
__size_of_EUSART1_Initialize                    (abs)        000000
__size_of_EUSART1_Read                          (abs)        000000
__size_of_EUSART1_SetErrorHandler               (abs)        000000
__size_of_EUSART1_SetFramingErrorHandler        (abs)        000000
__size_of_EUSART1_SetOverrunErrorHandler        (abs)        000000
__size_of_EUSART1_Write                         (abs)        000000
__size_of_EUSART1_is_rx_ready                   (abs)        000000
__size_of_INTERRUPT_Initialize                  (abs)        000000
__size_of_INTERRUPT_InterruptManager            (abs)        000000
__size_of_OSCILLATOR_Initialize                 (abs)        000000
__size_of_PIN_MANAGER_Initialize                (abs)        000000
__size_of_SDCARD_Initialize                     (abs)        000000
__size_of_SDCARD_PollWriteComplete              (abs)        000000
__size_of_SDCARD_ReadBlock                      (abs)        000000
__size_of_SDCARD_WriteBlock                     (abs)        000000
__size_of_SPI2_Close                            (abs)        000000
__size_of_SPI2_ExchangeByte                     (abs)        000000
__size_of_SPI2_Initialize                       (abs)        000000
__size_of_SPI2_Open                             (abs)        000000
__size_of_SYSTEM_Initialize                     (abs)        000000
__size_of_TMR0_DefaultInterruptHandler          (abs)        000000
__size_of_TMR0_ISR                              (abs)        000000
__size_of_TMR0_Initialize                       (abs)        000000
__size_of_TMR0_ReadTimer                        (abs)        000000
__size_of_TMR0_SetInterruptHandler              (abs)        000000
__size_of_TMR0_WriteTimer                       (abs)        000000
__size_of_TMR2_Initialize                       (abs)        000000
__size_of___aodiv                               (abs)        000000
__size_of___aomod                               (abs)        000000
__size_of___lodiv                               (abs)        000000
__size_of___lomod                               (abs)        000000
__size_of___wmul                                (abs)        000000
__size_of_abs                                   (abs)        000000
__size_of_atoi                                  (abs)        000000
__size_of_ctoa                                  (abs)        000000
__size_of_dtoa                                  (abs)        000000
__size_of_fputc                                 (abs)        000000
__size_of_fputs                                 (abs)        000000
__size_of_hexDumpBuffer                         (abs)        000000
__size_of_incrementAddress                      (abs)        000000
__size_of_isalpha                               (abs)        000000
__size_of_isdigit                               (abs)        000000
__size_of_islower                               (abs)        000000
__size_of_isspace                               (abs)        000000
__size_of_isupper                               (abs)        000000
__size_of_main                                  (abs)        000000
__size_of_myTMR0ISR                             (abs)        000000
__size_of_pad                                   (abs)        000000
__size_of_printAddress                          (abs)        000000
__size_of_printAscii                            (abs)        000000
__size_of_printf                                (abs)        000000
__size_of_putch                                 (abs)        000000
__size_of_strlen                                (abs)        000000
__size_of_toupper                               (abs)        000000
__size_of_utoa                                  (abs)        000000
__size_of_vfpfcnvrt                             (abs)        000000
__size_of_vfprintf                              (abs)        000000
__size_of_xtoa                                  (abs)        000000
__size_ofi2_TMR0_WriteTimer                     (abs)        000000
__smallconst                                    smallconst   000000
_abs                                            text38       00339E
_atoi                                           text48       0025DE
_atoi$2035                                      cstackCOMRAM 000022
_atoi$2036                                      cstackCOMRAM 000026
_atoi$2037                                      cstackCOMRAM 000024
_buffer1Full                                    bssBANK0     0000D1
_buffer2Full                                    bssBANK0     0000D0
_collecting                                     bssBANK0     0000CF
_ctoa                                           text41       00326A
_dbuf                                           bssBANK1     000180
_doPlayback                                     bssBANK0     0000CE
_dtoa                                           text37       001A3C
_dtoa$1980                                      cstackBANK0  000068
_eusart1RxLastError                             bssCOMRAM    00004B
_flags                                          bssCOMRAM    00003F
_fputc                                          text45       002FA4
_fputs                                          text44       00335A
_hexDumpBuffer                                  text4        0023F2
_incrementAddress                               text3        003316
_isalpha                                        text33       00341C
_isdigit                                        text50       003500
_islower                                        text31       003490
_isspace                                        text49       0032C4
_isspace$2062                                   cstackCOMRAM 000019
_isupper                                        text32       0034C8
_main                                           text0        000052
_myTMR0ISR                                      text58       001754
_nout                                           bssBANK0     0000C3
_pad                                            text42       002D9C
_prec                                           bssCOMRAM    00003D
_printAddress                                   text2        00313C
_printAscii                                     text1        002206
_printf                                         text26       003636
_putch                                          text46       0037DA
_sampleRate                                     dataBANK0    0000D4
_sdCardBuffer                                   bssBIGRAM    0007D5
_sdCardBuffer1                                  bssBIGRAM    0005D5
_sdCardBuffer2                                  bssBIGRAM    0003D5
_sin                                            mediumconst  00F317
_spi2_configuration                             mediumconst  00F331
_startCollect                                   bssCOMRAM    00004A
_stopCollect                                    bssCOMRAM    000049
_stopPlayback                                   bssCOMRAM    000048
_strlen                                         text43       00356E
_timer0ReloadVal                                bssCOMRAM    000043
_toupper                                        text30       00320C
_toupper$2111                                   cstackCOMRAM 00001F
_utoa                                           text34       001FFE
_vfpfcnvrt                                      text28       0011D0
_vfpfcnvrt$2012                                 cstackBANK0  000090
_vfprintf                                       text27       0031A8
_width                                          bssCOMRAM    00003B
_writeFailureStatus                             bssBANK1     000100
_writeFailureTable                              bssBIGRAM    0001D5
_xtoa                                           text29       001D20
_xtoa$1997                                      cstackBANK0  000068
_xtoa$1998                                      cstackBANK0  00006A
abs@a                                           cstackCOMRAM 000025
atoi@n                                          cstackCOMRAM 000027
atoi@neg                                        cstackCOMRAM 000020
atoi@s                                          cstackCOMRAM 00001A
btemp                                           temp         00004D
ctoa@c                                          cstackCOMRAM 000032
ctoa@fp                                         cstackCOMRAM 000030
ctoa@w                                          cstackCOMRAM 000033
dtoa@d                                          cstackCOMRAM 000032
dtoa@fp                                         cstackCOMRAM 000030
dtoa@i                                          cstackBANK0  000078
dtoa@n                                          cstackBANK0  000070
dtoa@p                                          cstackBANK0  00006A
dtoa@s                                          cstackBANK0  00006E
dtoa@w                                          cstackBANK0  00006C
end_of_initialization                           cinit        003132
fputc@c                                         cstackCOMRAM 000015
fputc@fp                                        cstackCOMRAM 000017
fputs@c                                         cstackCOMRAM 000022
fputs@fp                                        cstackCOMRAM 000020
fputs@i                                         cstackCOMRAM 000023
fputs@s                                         cstackCOMRAM 00001E
hexDumpBuffer@i                                 cstackBANK0  0000B9
hexDumpBuffer@j                                 cstackBANK0  0000B5
hexDumpBuffer@j_1440                            cstackBANK0  0000B7
hexDumpBuffer@sdCardBuffer                      cstackBANK0  0000B1
i2TMR0_WriteTimer@timerVal                      cstackCOMRAM 000009
i2_TMR0_WriteTimer                              text59       0037E4
incrementAddress@sdCardAddress                  cstackCOMRAM 000013
int$flags                                       temp         00004D
intlevel0                                       text         000000
intlevel1                                       text         000000
intlevel2                                       text         000000
intlevel3                                       text         000000
isalpha@c                                       cstackCOMRAM 000013
isdigit@c                                       cstackCOMRAM 000013
islower@c                                       cstackCOMRAM 000013
isspace@c                                       cstackCOMRAM 000013
isupper@c                                       cstackCOMRAM 000013
main@addr                                       cstackBANK1  0001AB
main@address                                    cstackBANK1  0001B8
main@cmd                                        cstackBANK1  0001BC
main@endAddress                                 cstackBANK1  0001AF
main@failureIndex                               cstackBANK1  0001CF
main@i                                          cstackBANK1  0001BD
main@i_1279                                     cstackBANK1  0001B3
main@i_1289                                     cstackBANK1  0001B7
main@i_1309                                     cstackBANK1  0001B5
main@numBlocks                                  cstackBANK1  0001A1
main@printVal                                   cstackBANK1  0001A5
main@printedBlocks                              cstackBANK1  0001A7
main@readAddress                                cstackBANK1  0001C7
main@sdCardAddress                              cstackBANK1  0001CB
main@sinIndex                                   bssBANK0     0000CD
main@status                                     cstackBANK1  0001D0
main@writeAddress                               bssBANK0     0000BF
main@writeAddress_1285                          cstackBANK1  0001D1
main@writeEndAddress                            cstackBANK1  0001C3
main@writeStartAddress                          cstackBANK1  0001BF
myTMR0ISR@buffer                                dataBANK0    0000D2
myTMR0ISR@bufferIndex                           bssCOMRAM    000041
myTMR0ISR@mic                                   cstackCOMRAM 00000D
myTMR0ISR@state                                 bssCOMRAM    000047
myTMR0ISR@useBuffer1                            dataCOMRAM   00004C
pad@buf                                         cstackCOMRAM 000027
pad@fp                                          cstackCOMRAM 000025
pad@i                                           cstackCOMRAM 00002C
pad@p                                           cstackCOMRAM 000029
pad@w                                           cstackCOMRAM 00002E
printAddress@address                            cstackBANK0  0000B1
printf@ap                                       cstackBANK0  0000AF
printf@fmt                                      cstackBANK0  0000A3
putch@txData                                    cstackCOMRAM 000014
stackhi                                         (abs)        000F37
stacklo                                         (abs)        0009D5
start                                           init         00004E
start_initialization                            cinit        0030C8
strlen@a                                        cstackCOMRAM 000015
strlen@s                                        cstackCOMRAM 000013
toupper@c                                       cstackCOMRAM 000019
ttemp5                                          temp         00004E
ttemp6                                          temp         000051
ttemp7                                          temp         000055
utoa@d                                          cstackCOMRAM 000032
utoa@fp                                         cstackCOMRAM 000030
utoa@i                                          cstackBANK0  000074
utoa@n                                          cstackBANK0  00006C
utoa@p                                          cstackBANK0  000068
utoa@w                                          cstackBANK0  00006A
vfpfcnvrt@ap                                    cstackBANK0  000080
vfpfcnvrt@c                                     cstackBANK0  00009A
vfpfcnvrt@done                                  cstackBANK0  00008E
vfpfcnvrt@fmt                                   cstackBANK0  00007E
vfpfcnvrt@fp                                    cstackBANK0  00007C
vfpfcnvrt@ll                                    cstackBANK0  000086
vfpfcnvrt@llu                                   cstackBANK0  000092
vfprintf@ap                                     cstackBANK0  00009F
vfprintf@cfmt                                   cstackBANK0  0000A1
vfprintf@fmt                                    cstackBANK0  00009D
vfprintf@fp                                     cstackBANK0  00009B
wtemp8                                          temp         00004E
xtoa@c                                          cstackBANK0  00007A
xtoa@d                                          cstackCOMRAM 000032
xtoa@fp                                         cstackCOMRAM 000030
xtoa@i                                          cstackBANK0  000078
xtoa@n                                          cstackBANK0  000070
xtoa@p                                          cstackBANK0  00006C
xtoa@w                                          cstackBANK0  00006E
xtoa@x                                          cstackCOMRAM 00003A


FUNCTION INFORMATION:

 *************** function _main *****************
 Defined at:
		line 60 in file "main.c"
 Parameters:    Size  Location     Type
		None
 Auto vars:     Size  Location     Type
  addr            4   11[BANK1 ] unsigned long 
  printVal        2    5[BANK1 ] unsigned short 
  i               1   23[BANK1 ] unsigned char 
  i               2   21[BANK1 ] unsigned short 
  i               2   19[BANK1 ] unsigned short 
  writeAddress    4   49[BANK1 ] unsigned long 
  failureIndex    1   47[BANK1 ] unsigned char 
  readAddress     4   39[BANK1 ] unsigned long 
  address         4   24[BANK1 ] unsigned long 
  endAddress      4   15[BANK1 ] unsigned long 
  printedBlock    4    7[BANK1 ] unsigned long 
  numBlocks       4    1[BANK1 ] unsigned long 
  sdCardAddres    4   43[BANK1 ] unsigned long 
  writeEndAddr    4   35[BANK1 ] unsigned long 
  writeStartAd    4   31[BANK1 ] unsigned long 
  i               2   29[BANK1 ] unsigned short 
  status          1   48[BANK1 ] unsigned char 
  cmd             1   28[BANK1 ] unsigned char 
  letter          1    0        unsigned char 
 Return value:  Size  Location     Type
                  1    wreg      void 
 Registers used:
		wreg, fsr1l, fsr1h, fsr2l, fsr2h, status,2, status,0, tblptrl, tblptrh, tblptru, prodl, prodh, cstack
 Tracked objects:
		On entry : 
		On exit  : 
		Unchanged: 
 Data sizes:     COMRAM   BANK0   BANK1   BANK2   BANK3   BANK4   BANK5   BANK6   BANK7   BANK8   BANK9  BANK10  BANK11  BANK12  BANK13  BANK14  BANK15
      Params:         0       0       0       0       0       0       0       0       0       0       0       0       0       0       0       0       0
      Locals:         0       0      53       0       0       0       0       0       0       0       0       0       0       0       0       0       0
      Temps:          0       4       0       0       0       0       0       0       0       0       0       0       0       0       0       0       0
      Totals:         0       4      53       0       0       0       0       0       0       0       0       0       0       0       0       0       0
Total ram usage:       57 bytes
 Hardware stack levels required when called:   14
 This function calls:
		_EUSART1_Read
		_EUSART1_is_rx_ready
		_SDCARD_Initialize
		_SDCARD_PollWriteComplete
		_SDCARD_ReadBlock
		_SDCARD_WriteBlock
		_SPI2_Close
		_SPI2_Open
		_SYSTEM_Initialize
		_TMR0_SetInterruptHandler
		_TMR0_WriteTimer
		_hexDumpBuffer
		_incrementAddress
		_printAddress
		_printAscii
		_printf
 This function is called by:
		Startup code after reset
 This function uses a non-reentrant model


 *************** function _printAscii *****************
 Defined at:
		line 551 in file "main.c"
 Parameters:    Size  Location     Type
		None
 Auto vars:     Size  Location     Type
		None
 Return value:  Size  Location     Type
                  1    wreg      void 
 Registers used:
		wreg, fsr1l, fsr1h, fsr2l, fsr2h, status,2, status,0, tblptrl, tblptrh, tblptru, prodl, prodh, cstack
 Tracked objects:
		On entry : 
		On exit  : 
		Unchanged: 
[...]
		On entry : 
		On exit  : 
		Unchanged: 
 Data sizes:     COMRAM   BANK0   BANK1   BANK2   BANK3   BANK4   BANK5   BANK6   BANK7   BANK8   BANK9  BANK10  BANK11  BANK12  BANK13  BANK14  BANK15
      Params:         0       0       0       0       0       0       0       0       0       0       0       0       0       0       0       0       0
      Locals:         0       0       0       0       0       0       0       0       0       0       0       0       0       0       0       0       0
      Temps:          0       0       0       0       0       0       0       0       0       0       0       0       0       0       0       0       0
      Totals:         0       0       0       0       0       0       0       0       0       0       0       0       0       0       0       0       0
Total ram usage:        0 bytes
 Hardware stack levels used:    1
 Hardware stack levels required when called:    4
 This function calls:
		Nothing
 This function is called by:
		_main
 This function uses a non-reentrant model


 *************** function _EUSART1_Read *****************
 Defined at:
		line 113 in file "mcc_generated_files/eusart1.c"
 Parameters:    Size  Location     Type
		None
 Auto vars:     Size  Location     Type
		None
 Return value:  Size  Location     Type
                  1    wreg      unsigned char 
 Registers used:
		wreg, status,2
 Tracked objects:
		On entry : 
		On exit  : 
		Unchanged: 
 Data sizes:     COMRAM   BANK0   BANK1   BANK2   BANK3   BANK4   BANK5   BANK6   BANK7   BANK8   BANK9  BANK10  BANK11  BANK12  BANK13  BANK14  BANK15
      Params:         0       0       0       0       0       0       0       0       0       0       0       0       0       0       0       0       0
      Locals:         0       0       0       0       0       0       0       0       0       0       0       0       0       0       0       0       0
      Temps:          0       0       0       0       0       0       0       0       0       0       0       0       0       0       0       0       0
      Totals:         0       0       0       0       0       0       0       0       0       0       0       0       0       0       0       0       0
Total ram usage:        0 bytes
 Hardware stack levels used:    1
 Hardware stack levels required when called:    4
 This function calls:
		Nothing
 This function is called by:
		_main
		_getch
 This function uses a non-reentrant model


 *************** function _INTERRUPT_InterruptManager *****************
 Defined at:
		line 58 in file "mcc_generated_files/interrupt_manager.c"
 Parameters:    Size  Location     Type
		None
 Auto vars:     Size  Location     Type
		None
 Return value:  Size  Location     Type
                  1    wreg      void 
 Registers used:
		wreg, fsr2l, fsr2h, status,2, status,0, pclath, tosl, cstack
 Tracked objects:
		On entry : 
		On exit  : 
		Unchanged: 
 Data sizes:     COMRAM   BANK0   BANK1   BANK2   BANK3   BANK4   BANK5   BANK6   BANK7   BANK8   BANK9  BANK10  BANK11  BANK12  BANK13  BANK14  BANK15
      Params:         0       0       0       0       0       0       0       0       0       0       0       0       0       0       0       0       0
      Locals:         0       0       0       0       0       0       0       0       0       0       0       0       0       0       0       0       0
      Temps:          4       0       0       0       0       0       0       0       0       0       0       0       0       0       0       0       0
      Totals:         4       0       0       0       0       0       0       0       0       0       0       0       0       0       0       0       0
Total ram usage:        4 bytes
 Hardware stack levels used:    1
 Hardware stack levels required when called:    3
 This function calls:
		_TMR0_ISR
 This function is called by:
		Interrupt level 2
 This function uses a non-reentrant model


 *************** function _TMR0_ISR *****************
 Defined at:
		line 136 in file "mcc_generated_files/tmr0.c"
 Parameters:    Size  Location     Type
		None
 Auto vars:     Size  Location     Type
		None
 Return value:  Size  Location     Type
                  1    wreg      void 
 Registers used:
		wreg, fsr2l, fsr2h, status,2, status,0, pclath, tosl, cstack
 Tracked objects:
		On entry : 
		On exit  : 
		Unchanged: 
 Data sizes:     COMRAM   BANK0   BANK1   BANK2   BANK3   BANK4   BANK5   BANK6   BANK7   BANK8   BANK9  BANK10  BANK11  BANK12  BANK13  BANK14  BANK15
      Params:         0       0       0       0       0       0       0       0       0       0       0       0       0       0       0       0       0
      Locals:         0       0       0       0       0       0       0       0       0       0       0       0       0       0       0       0       0
      Temps:          0       0       0       0       0       0       0       0       0       0       0       0       0       0       0       0       0
      Totals:         0       0       0       0       0       0       0       0       0       0       0       0       0       0       0       0       0
Total ram usage:        0 bytes
 Hardware stack levels used:    1
 Hardware stack levels required when called:    2
 This function calls:
		Absolute function
		_TMR0_DefaultInterruptHandler
		_myTMR0ISR
 This function is called by:
		_INTERRUPT_InterruptManager
 This function uses a non-reentrant model


 *************** function _TMR0_DefaultInterruptHandler *****************
 Defined at:
		line 160 in file "mcc_generated_files/tmr0.c"
 Parameters:    Size  Location     Type
		None
 Auto vars:     Size  Location     Type
		None
 Return value:  Size  Location     Type
                  1    wreg      void 
 Registers used:
		None
 Tracked objects:
		On entry : 
		On exit  : 
		Unchanged: 
 Data sizes:     COMRAM   BANK0   BANK1   BANK2   BANK3   BANK4   BANK5   BANK6   BANK7   BANK8   BANK9  BANK10  BANK11  BANK12  BANK13  BANK14  BANK15
      Params:         0       0       0       0       0       0       0       0       0       0       0       0       0       0       0       0       0
      Locals:         0       0       0       0       0       0       0       0       0       0       0       0       0       0       0       0       0
      Temps:          0       0       0       0       0       0       0       0       0       0       0       0       0       0       0       0       0
      Totals:         0       0       0       0       0       0       0       0       0       0       0       0       0       0       0       0       0
Total ram usage:        0 bytes
 Hardware stack levels used:    1
 This function calls:
		Nothing
 This function is called by:
		_TMR0_Initialize
		_TMR0_ISR
 This function uses a non-reentrant model


 *************** function _myTMR0ISR *****************
 Defined at:
		line 456 in file "main.c"
 Parameters:    Size  Location     Type
		None
 Auto vars:     Size  Location     Type
  mic             2   12[COMRAM] unsigned short 
 Return value:  Size  Location     Type
                  1    wreg      void 
 Registers used:
		wreg, fsr2l, fsr2h, status,2, status,0, cstack
 Tracked objects:
		On entry : 
		On exit  : 
		Unchanged: 
 Data sizes:     COMRAM   BANK0   BANK1   BANK2   BANK3   BANK4   BANK5   BANK6   BANK7   BANK8   BANK9  BANK10  BANK11  BANK12  BANK13  BANK14  BANK15
      Params:         0       0       0       0       0       0       0       0       0       0       0       0       0       0       0       0       0
      Locals:         2       0       0       0       0       0       0       0       0       0       0       0       0       0       0       0       0
      Temps:          2       0       0       0       0       0       0       0       0       0       0       0       0       0       0       0       0
      Totals:         4       0       0       0       0       0       0       0       0       0       0       0       0       0       0       0       0
Total ram usage:        4 bytes
 Hardware stack levels used:    1
 Hardware stack levels required when called:    1
 This function calls:
		_EPWM1_LoadDutyValue
		_TMR0_ReadTimer
		i2_TMR0_WriteTimer
 This function is called by:
		_main
		_TMR0_ISR
 This function uses a non-reentrant model


 *************** function i2_TMR0_WriteTimer *****************
 Defined at:
		line 122 in file "mcc_generated_files/tmr0.c"
 Parameters:    Size  Location     Type
  timerVal        2    8[COMRAM] unsigned short 
 Auto vars:     Size  Location     Type
		None
 Return value:  Size  Location     Type
                  1    wreg      void 
 Registers used:
		wreg, status,2
 Tracked objects:
		On entry : 
		On exit  : 
		Unchanged: 
 Data sizes:     COMRAM   BANK0   BANK1   BANK2   BANK3   BANK4   BANK5   BANK6   BANK7   BANK8   BANK9  BANK10  BANK11  BANK12  BANK13  BANK14  BANK15
      Params:         2       0       0       0       0       0       0       0       0       0       0       0       0       0       0       0       0
      Locals:         0       0       0       0       0       0       0       0       0       0       0       0       0       0       0       0       0
      Temps:          0       0       0       0       0       0       0       0       0       0       0       0       0       0       0       0       0
      Totals:         2       0       0       0       0       0       0       0       0       0       0       0       0       0       0       0       0
Total ram usage:        2 bytes
 Hardware stack levels used:    1
 This function calls:
		Nothing
 This function is called by:
		_myTMR0ISR
 This function uses a non-reentrant model


 *************** function _TMR0_ReadTimer *****************
 Defined at:
		line 109 in file "mcc_generated_files/tmr0.c"
 Parameters:    Size  Location     Type
		None
 Auto vars:     Size  Location     Type
  readVal         2    4[COMRAM] unsigned short 
  readValHigh     1    7[COMRAM] unsigned char 
  readValLow      1    6[COMRAM] unsigned char 
 Return value:  Size  Location     Type
                  2    0[COMRAM] unsigned short 
 Registers used:
		wreg, status,2
 Tracked objects:
		On entry : 
		On exit  : 
		Unchanged: 
 Data sizes:     COMRAM   BANK0   BANK1   BANK2   BANK3   BANK4   BANK5   BANK6   BANK7   BANK8   BANK9  BANK10  BANK11  BANK12  BANK13  BANK14  BANK15
      Params:         2       0       0       0       0       0       0       0       0       0       0       0       0       0       0       0       0
      Locals:         4       0       0       0       0       0       0       0       0       0       0       0       0       0       0       0       0
      Temps:          2       0       0       0       0       0       0       0       0       0       0       0       0       0       0       0       0
      Totals:         8       0       0       0       0       0       0       0       0       0       0       0       0       0       0       0       0
Total ram usage:        8 bytes
 Hardware stack levels used:    1
 This function calls:
		Nothing
 This function is called by:
		_myTMR0ISR
 This function uses a non-reentrant model


 *************** function _EPWM1_LoadDutyValue *****************
 Defined at:
		line 90 in file "mcc_generated_files/epwm1.c"
 Parameters:    Size  Location     Type
  dutyValue       2    0[COMRAM] unsigned short 
 Auto vars:     Size  Location     Type
		None
 Return value:  Size  Location     Type
                  1    wreg      void 
 Registers used:
		wreg, status,2, status,0
 Tracked objects:
		On entry : 
		On exit  : 
		Unchanged: 
 Data sizes:     COMRAM   BANK0   BANK1   BANK2   BANK3   BANK4   BANK5   BANK6   BANK7   BANK8   BANK9  BANK10  BANK11  BANK12  BANK13  BANK14  BANK15
      Params:         2       0       0       0       0       0       0       0       0       0       0       0       0       0       0       0       0
      Locals:         0       0       0       0       0       0       0       0       0       0       0       0       0       0       0       0       0
      Temps:          2       0       0       0       0       0       0       0       0       0       0       0       0       0       0       0       0
      Totals:         4       0       0       0       0       0       0       0       0       0       0       0       0       0       0       0       0
Total ram usage:        4 bytes
 Hardware stack levels used:    1
 This function calls:
		Nothing
 This function is called by:
		_myTMR0ISR
 This function uses a non-reentrant model



MODULE INFORMATION

Module		Function		Class		Link	Load	Size
C:\Program Files\Microchip\xc8\v2.20\pic\sources\c99\common\nf_fputc.c
		_fputc         		CODE           	2FA4	0000	151

C:\Program Files\Microchip\xc8\v2.20\pic\sources\c99\common\nf_fputc.c estimated size: 151

C:\Program Files\Microchip\xc8\v2.20\pic\sources\c99\common\isdigit.c
		_isdigit       		CODE           	3500	0000	57

C:\Program Files\Microchip\xc8\v2.20\pic\sources\c99\common\isdigit.c estimated size: 57

C:\Program Files\Microchip\xc8\v2.20\pic\sources\c99\common\doprnt.c
		_vfpfcnvrt     		CODE           	11D0	0000	1413
		_pad           		CODE           	2D9C	0000	195
		_ctoa          		CODE           	326A	0000	91
		_dtoa          		CODE           	1A3C	0000	741
		_vfprintf      		CODE           	31A8	0000	101
		_utoa          		CODE           	1FFE	0000	521
		_xtoa          		CODE           	1D20	0000	735

C:\Program Files\Microchip\xc8\v2.20\pic\sources\c99\common\doprnt.c estimated size: 3797

mcc_generated_files/tmr2.c
		_TMR2_Initialize		CODE           	3798	0000	17

mcc_generated_files/tmr2.c estimated size: 17

mcc_generated_files/interrupt_manager.c
		_INTERRUPT_Initialize		CODE           	37F2	0000	5
		_INTERRUPT_InterruptManager		CODE           	0008	0000	71

mcc_generated_files/interrupt_manager.c estimated size: 76

mcc_generated_files/tmr0.c
		_TMR0_SetInterruptHandler		CODE           	37B2	0000	11
		_TMR0_DefaultInterruptHandler		CODE           	37FA	0000	3
		_TMR0_WriteTimer		CODE           	37A8	0000	11
		_TMR0_ReadTimer		CODE           	36F2	0000	31
		_TMR0_ISR      		CODE           	35A4	0000	55
		_TMR0_Initialize		CODE           	3538	0000	55

mcc_generated_files/tmr0.c estimated size: 166

C:\Program Files\Microchip\xc8\v2.20\pic\sources\c99\common\Umul16.c
		___wmul        		CODE           	36AC	0000	39

C:\Program Files\Microchip\xc8\v2.20\pic\sources\c99\common\Umul16.c estimated size: 39

mcc_generated_files/pin_manager.c
		_PIN_MANAGER_Initialize		CODE           	360A	0000	45

mcc_generated_files/pin_manager.c estimated size: 45

C:\Program Files\Microchip\xc8\v2.20\pic\sources\c99\common\lomod.c
		___lomod       		CODE           	2CCC	0000	209

C:\Program Files\Microchip\xc8\v2.20\pic\sources\c99\common\lomod.c estimated size: 209

C:\Program Files\Microchip\xc8\v2.20\pic\sources\c99\common\aomod.c
		___aomod       		CODE           	2A78	0000	357

C:\Program Files\Microchip\xc8\v2.20\pic\sources\c99\common\aomod.c estimated size: 357

mcc_generated_files/adc.c
		_ADC_Initialize		CODE           	3746	0000	23

mcc_generated_files/adc.c estimated size: 23

C:\Program Files\Microchip\xc8\v2.20\pic\sources\c99\common\islower.c
		_islower       		CODE           	3490	0000	57

C:\Program Files\Microchip\xc8\v2.20\pic\sources\c99\common\islower.c estimated size: 57

C:\Program Files\Microchip\xc8\v2.20\pic\sources\c99\common\nf_fputs.c
		_fputs         		CODE           	335A	0000	69

C:\Program Files\Microchip\xc8\v2.20\pic\sources\c99\common\nf_fputs.c estimated size: 69

C:\Program Files\Microchip\xc8\v2.20\pic\sources\c99\common\isupper.c
		_isupper       		CODE           	34C8	0000	57

C:\Program Files\Microchip\xc8\v2.20\pic\sources\c99\common\isupper.c estimated size: 57

C:\Program Files\Microchip\xc8\v2.20\pic\sources\c99\common\toupper.c
		_toupper       		CODE           	320C	0000	95

C:\Program Files\Microchip\xc8\v2.20\pic\sources\c99\common\toupper.c estimated size: 95

shared
		i2_TMR0_WriteTimer		CODE           	37E4	0000	11
		_sin           		MEDIUMCONST    	F317	0000	27
		__initialization		CODE           	30C8	0000	107
		_spi2_configuration		MEDIUMCONST    	F331	0000	5

shared estimated size: 150

mcc_generated_files/eusart1.c
		_EUSART1_is_rx_ready		CODE           	3772	0000	21
		_EUSART1_Initialize		CODE           	33DE	0000	63
		_putch         		CODE           	37DA	0000	11
		_EUSART1_SetFramingErrorHandler		CODE           	37C6	0000	11
		_EUSART1_Read  		CODE           	365E	0000	41
		_EUSART1_SetOverrunErrorHandler		CODE           	37BC	0000	11
		_EUSART1_SetErrorHandler		CODE           	37D0	0000	11
		_EUSART1_Write 		CODE           	375C	0000	23

mcc_generated_files/eusart1.c estimated size: 192

mcc_generated_files/mcc.c
		_OSCILLATOR_Initialize		CODE           	3710	0000	29
		_SYSTEM_Initialize		CODE           	3686	0000	39

mcc_generated_files/mcc.c estimated size: 68

C:\Program Files\Microchip\xc8\v2.20\pic\sources\c99\common\isspace.c
		_isspace       		CODE           	32C4	0000	83

C:\Program Files\Microchip\xc8\v2.20\pic\sources\c99\common\isspace.c estimated size: 83

C:\Program Files\Microchip\xc8\v2.20\pic\sources\c99\common\printf.c
		_printf        		CODE           	3636	0000	41

C:\Program Files\Microchip\xc8\v2.20\pic\sources\c99\common\printf.c estimated size: 41

C:\Program Files\Microchip\xc8\v2.20\pic\sources\c99\common\lodiv.c
		___lodiv       		CODE           	2BDC	0000	241

C:\Program Files\Microchip\xc8\v2.20\pic\sources\c99\common\lodiv.c estimated size: 241

C:\Program Files\Microchip\xc8\v2.20\pic\sources\c99\common\aodiv.c
		___aodiv       		CODE           	2778	0000	393

C:\Program Files\Microchip\xc8\v2.20\pic\sources\c99\common\aodiv.c estimated size: 393

C:\Program Files\Microchip\xc8\v2.20\pic\sources\c99\common\abs.c
		_abs           		CODE           	339E	0000	65

C:\Program Files\Microchip\xc8\v2.20\pic\sources\c99\common\abs.c estimated size: 65

mcc_generated_files/epwm1.c
		_EPWM1_LoadDutyValue		CODE           	35DA	0000	49
		_EPWM1_Initialize		CODE           	36D2	0000	33

mcc_generated_files/epwm1.c estimated size: 82

C:\Program Files\Microchip\xc8\v2.20\pic\sources\c99\common\strlen.c
		_strlen        		CODE           	356E	0000	55

C:\Program Files\Microchip\xc8\v2.20\pic\sources\c99\common\strlen.c estimated size: 55

mcc_generated_files/spi2.c
		_SPI2_ExchangeByte		CODE           	372C	0000	27
		_SPI2_Open     		CODE           	2E5E	0000	173
		_SPI2_Initialize		CODE           	3786	0000	19
		_SPI2_Close    		CODE           	37F6	0000	5

mcc_generated_files/spi2.c estimated size: 224

C:\Program Files\Microchip\xc8\v2.20\pic\sources\c99\common\atoi.c
		_atoi          		CODE           	25DE	0000	411

C:\Program Files\Microchip\xc8\v2.20\pic\sources\c99\common\atoi.c estimated size: 411

C:\Program Files\Microchip\xc8\v2.20\pic\sources\c99\common\isalpha.c
		_isalpha       		CODE           	341C	0000	61

C:\Program Files\Microchip\xc8\v2.20\pic\sources\c99\common\isalpha.c estimated size: 61

main.c
		_printAscii    		CODE           	2206	0000	493
		_incrementAddress		CODE           	3316	0000	69
		_main          		CODE           	0052	0000	4479
		_printAddress  		CODE           	313C	0000	109
		_myTMR0ISR     		CODE           	1754	0000	745

main.c estimated size: 5895

sdCard.c
		_SDCARD_Initialize		CODE           	2900	0000	377
		_hexDumpBuffer 		CODE           	23F2	0000	493
		_SDCARD_PollWriteComplete		CODE           	3458	0000	57
		_SDCARD_ReadBlock		CODE           	2F0A	0000	155
		_SDCARD_WriteBlock		CODE           	303A	0000	143

sdCard.c estimated size: 1225

