Microchip MPLAB XC8 Compiler V2.31

Linker command line:

-W-3 --edf=C:\Program Files\Microchip\xc8\v2.31\pic\dat\en_msgs.txt -cn \
  -h+dist/default/debug\Lab-10.X.debug.sym \
  --cmf=dist/default/debug\Lab-10.X.debug.cmf -z -Q18F26K22 \
  -oC:\Users\ZACKRA~1\AppData\Local\Temp\sfrg.2 --defsym=__MPLAB_BUILD=1 \
  -Mdist/default/debug/Lab-10.X.debug.map -E1 -ver=XC8 Compiler \
  --acfsm=1493 -ASTACK=09DEh-0F37h -pstack=STACK -ACODE=00h-0FFFFh \
  -ACONST=00h-0FFFFh -ASMALLCONST=01000h-010FFhx240 \
  -AMEDIUMCONST=01000h-0FFFFh -ACOMRAM=01h-05Fh -AABS1=00h-0F37h \
  -ABIGRAM=01h-0F37h -ARAM=060h-0FFh,0100h-01FFhx14,0F00h-0F37h \
  -ABANK0=060h-0FFh -ABANK1=0100h-01FFh -ABANK2=0200h-02FFh \
  -ABANK3=0300h-03FFh -ABANK4=0400h-04FFh -ABANK5=0500h-05FFh \
  -ABANK6=0600h-06FFh -ABANK7=0700h-07FFh -ABANK8=0800h-08FFh \
  -ABANK9=0900h-09FFh -ABANK10=0A00h-0AFFh -ABANK11=0B00h-0BFFh \
  -ABANK12=0C00h-0CFFh -ABANK13=0D00h-0DFFh -ABANK14=0E00h-0EFFh \
  -ABANK15=0F00h-0F37h -ASFR=0F38h-0F5Fh,0F60h-0FFFh \
  -ACONFIG=0300000h-030000Dh -AIDLOC=0200000h-0200007h \
  -AEEDATA=0F00000h-0F003FFh -peeprom_data=EEDATA \
  -preset_vec=00h,intcode=08h,intcodelo,powerup,init -pramtop=01000h \
  -psmallconst=SMALLCONST -pmediumconst=MEDIUMCONST -pconst=CONST \
  -AFARRAM=00h-00h \
  -prdata=COMRAM,nvrram=COMRAM,nvbit=COMRAM,rbss=COMRAM,rbit=COMRAM \
  -pfarbss=FARRAM,fardata=FARRAM,nvFARRAM=FARRAM \
  -pintsave_regs=BIGRAM,bigbss=BIGRAM,bigdata=BIGRAM -pbss=RAM \
  -pidata=CODE,irdata=CODE,ibigdata=CODE,ifardata=CODE -prparam=COMRAM \
  C:\Users\ZACKRA~1\AppData\Local\Temp\sfrg.o \
  dist/default/debug\Lab-10.X.debug.o 

Object code version is 3.11

Machine type is 18F26K22



                Name                               Link     Load   Length Selector   Space Scale
C:\Users\ZACKRA~1\AppData\Local\Temp\sfrg.o
                idloc                            200000   200000        8        0       5
                config                           300000   300000        E        0       4
                init                                 4E       4E        4        4       0
                reset_vec                             0        0        4        0       0
dist/default/debug\Lab-10.X.debug.o
                intcode                               8        8       46        4       0
                idloc                            200000   200000        8        0       5
                config                           300000   300000        E        0       4
                temp                                 4C       4C        1        1       1
                mediumconst                        F316     F316      CEA     798B       0
                text61                             362C     362C       30        4       0
                text60                             3744     3744       1E        4       0
                text59                             3836     3836        A        4       0
                text58                             1DCC     1DCC      20C        4       0
                text57                             384C     384C        2        4       0
                text56                             35F6     35F6       36        4       0
                text54                             36B0     36B0       28        4       0
                text53                             37C4     37C4       14        4       0
                text52                             377E     377E       1A        4       0
                text51                             36FE     36FE       26        4       0
                text50                             3552     3552       38        4       0
                text49                             3316     3316       52        4       0
                text48                             25B8     25B8      19A        4       0
                text47                             37AE     37AE       16        4       0
                text46                             382C     382C        A        4       0
                text45                             3052     3052       96        4       0
                text44                             2CA6     2CA6       D4        4       0
                text43                             2752     2752      188        4       0
                text42                             2A52     2A52      164        4       0
                text41                             33F0     33F0       40        4       0
                text40                             33AC     33AC       44        4       0
                text39                             35C0     35C0       36        4       0
                text38                             2E4A     2E4A       C2        4       0
                text37                             180A     180A      2E4        4       0
                text36                             2BB6     2BB6       F0        4       0
                text35                             2D7A     2D7A       D0        4       0
                text34                             1FD8     1FD8      208        4       0
                text33                             346E     346E       3C        4       0
                text32                             351A     351A       38        4       0
                text31                             34E2     34E2       38        4       0
                text30                             32B8     32B8       5E        4       0
                text29                             1AEE     1AEE      2DE        4       0
                text28                             1286     1286      584        4       0
                text27                             3254     3254       64        4       0
                text26                             3688     3688       28        4       0
                text25                             28DA     28DA      178        4       0
                text24                             34AA     34AA       38        4       0
                text23                             2FB8     2FB8       9A        4       0
                text22                             30E8     30E8       8E        4       0
                text21                             3844     3844        4        4       0
                text20                             2F0C     2F0C       AC        4       0
                text19                             3798     3798       16        4       0
                text18                             3724     3724       20        4       0
                text17                             3822     3822        A        4       0
                text16                             3818     3818        A        4       0
                text15                             380E     380E        A        4       0
                text14                             3430     3430       3E        4       0
                text13                             3840     3840        4        4       0
                text12                             3762     3762       1C        4       0
                text11                             365C     365C       2C        4       0
                text10                             37D8     37D8       12        4       0
                text9                              3804     3804        A        4       0
                text8                              358A     358A       36        4       0
                text7                              37EA     37EA       10        4       0
                text6                              36D8     36D8       26        4       0
                text5                              37FA     37FA        A        4       0
                text4                              23CC     23CC      1EC        4       0
                text3                              3368     3368       44        4       0
                text2                              31E8     31E8       6C        4       0
                text1                              21E0     21E0      1EC        4       0
                text0                                52       52     1234        4       0
                cstackCOMRAM                          1        1       38        1       1
                cstackBANK0                          60       60       62       60       1
                cstackBANK1                         1A0      1A0       3E      100       1
                bssBIGRAM                           1DE      1DE      800      1DE       1
                bssBANK1                            100      100       A0      100       1
                dataBANK0                            D1       D1        2       60       1
                bssBANK0                             C2       C2        F       60       1
                dataCOMRAM                           4A       4A        2        1       1
                bssCOMRAM                            39       39       11        1       1
                cinit                              3176     3176       72        4       0
                idataBANK0                         384A     384A        2        4       0
                idataCOMRAM                        3848     3848        2        4       0

TOTAL           Name                               Link     Load   Length     Space
        CLASS   STACK          

        CLASS   CODE           
                intcode                               8        8       46         0
                init                                 4E       4E        4         0
                reset_vec                             0        0        4         0
                text61                             362C     362C       30         0
                text60                             3744     3744       1E         0
                text59                             3836     3836        A         0
                text58                             1DCC     1DCC      20C         0
                text57                             384C     384C        2         0
                text56                             35F6     35F6       36         0
                text54                             36B0     36B0       28         0
                text53                             37C4     37C4       14         0
                text52                             377E     377E       1A         0
                text51                             36FE     36FE       26         0
                text50                             3552     3552       38         0
                text49                             3316     3316       52         0
                text48                             25B8     25B8      19A         0
                text47                             37AE     37AE       16         0
                text46                             382C     382C        A         0
                text45                             3052     3052       96         0
                text44                             2CA6     2CA6       D4         0
                text43                             2752     2752      188         0
                text42                             2A52     2A52      164         0
                text41                             33F0     33F0       40         0
                text40                             33AC     33AC       44         0
                text39                             35C0     35C0       36         0
                text38                             2E4A     2E4A       C2         0
                text37                             180A     180A      2E4         0
                text36                             2BB6     2BB6       F0         0
                text35                             2D7A     2D7A       D0         0
                text34                             1FD8     1FD8      208         0
                text33                             346E     346E       3C         0
                text32                             351A     351A       38         0
                text31                             34E2     34E2       38         0
                text30                             32B8     32B8       5E         0
                text29                             1AEE     1AEE      2DE         0
                text28                             1286     1286      584         0
                text27                             3254     3254       64         0
                text26                             3688     3688       28         0
                text25                             28DA     28DA      178         0
                text24                             34AA     34AA       38         0
                text23                             2FB8     2FB8       9A         0
                text22                             30E8     30E8       8E         0
                text21                             3844     3844        4         0
                text20                             2F0C     2F0C       AC         0
                text19                             3798     3798       16         0
                text18                             3724     3724       20         0
                text17                             3822     3822        A         0
                text16                             3818     3818        A         0
                text15                             380E     380E        A         0
                text14                             3430     3430       3E         0
                text13                             3840     3840        4         0
                text12                             3762     3762       1C         0
                text11                             365C     365C       2C         0
                text10                             37D8     37D8       12         0
                text9                              3804     3804        A         0
                text8                              358A     358A       36         0
                text7                              37EA     37EA       10         0
                text6                              36D8     36D8       26         0
                text5                              37FA     37FA        A         0
                text4                              23CC     23CC      1EC         0
                text3                              3368     3368       44         0
                text2                              31E8     31E8       6C         0
                text1                              21E0     21E0      1EC         0
                text0                                52       52     1234         0
                cinit                              3176     3176       72         0
                idataBANK0                         384A     384A        2         0
                idataCOMRAM                        3848     3848        2         0

        CLASS   CONST          

        CLASS   SMALLCONST     

        CLASS   MEDIUMCONST    
                mediumconst                        F316     F316      CEA         0

        CLASS   COMRAM         
                temp                                 4C       4C        1         1
                cstackCOMRAM                          1        1       38         1
                dataCOMRAM                           4A       4A        2         1
                bssCOMRAM                            39       39       11         1

        CLASS   ABS1           

        CLASS   BIGRAM         
                bssBIGRAM                           1DE      1DE      800         1

        CLASS   RAM            

        CLASS   BANK0          
                cstackBANK0                          60       60       62         1
                dataBANK0                            D1       D1        2         1
                bssBANK0                             C2       C2        F         1

        CLASS   BANK1          
                cstackBANK1                         1A0      1A0       3E         1
                bssBANK1                            100      100       A0         1

        CLASS   BANK2          

        CLASS   BANK3          

        CLASS   BANK4          

        CLASS   BANK5          

        CLASS   BANK6          

        CLASS   BANK7          

        CLASS   BANK8          

        CLASS   BANK9          

        CLASS   BANK10         

        CLASS   BANK11         

        CLASS   BANK12         

        CLASS   BANK13         

        CLASS   BANK14         

        CLASS   BANK15         

        CLASS   SFR            

        CLASS   CONFIG         
                config                           300000   300000        E         4

        CLASS   IDLOC          
                idloc                            200000   200000        8         5

        CLASS   EEDATA         

        CLASS   FARRAM         



SEGMENTS        Name                           Load    Length   Top    Selector   Space  Class

                reset_vec                      000000  000004  000004         0       0  CODE    
                cstackCOMRAM                   000001  00004C  00004D         1       1  COMRAM  
                intcode                        000008  003846  00384E         4       0  CODE    
                cstackBANK0                    000060  000073  0000D3        60       1  BANK0   
                bssBANK1                       000100  0000DE  0001DE       100       1  BANK1   
                bssBIGRAM                      0001DE  000800  0009DE       1DE       1  BIGRAM  
                mediumconst                    00F316  000CEA  010000      798B       0  MEDIUMCO


UNUSED ADDRESS RANGES

        Name                Unused          Largest block    Delta
        BANK0            0000D3-0000FF               2D
        BANK10           000A00-000AFF              100
        BANK11           000B00-000BFF              100
        BANK12           000C00-000CFF              100
        BANK13           000D00-000DFF              100
        BANK14           000E00-000EFF              100
        BANK15           000F00-000F37               38
        BANK9            0009DE-0009FF               22
        BIGRAM           00004D-00005F               13
                         0000D3-0000FF               2D
                         0009DE-000F37              55A
        CODE             000004-000007                4
                         00384E-00F315             BAC8
        COMRAM           00004D-00005F               13
        CONST            000004-000007                4
                         00384E-00F315             BAC8
        EEDATA           F00000-F003FF              400
        MEDIUMCONST      00384E-00F315             BAC8
        RAM              0000D3-0000FF               2D
                         0009DE-000F37              100
        SFR              000F38-000FFF               28
        SMALLCONST       00384E-00F315              100
        STACK            0009DE-000F37              55A

                                  Symbol Table

?_TMR0_ReadTimer                                cstackCOMRAM 000001
?___aodiv                                       cstackCOMRAM 000014
?___aomod                                       cstackCOMRAM 000014
?___lodiv                                       cstackCOMRAM 000014
?___lomod                                       cstackCOMRAM 000014
?___wmul                                        cstackCOMRAM 000014
?_abs                                           cstackCOMRAM 000026
?_atoi                                          cstackCOMRAM 00001B
?_ctoa                                          cstackCOMRAM 00001F
?_dtoa                                          cstackBANK0  000060
?_incrementAddress                              cstackCOMRAM 000014
?_isalpha                                       cstackCOMRAM 000014
?_isdigit                                       cstackCOMRAM 000014
?_islower                                       cstackCOMRAM 000014
?_isspace                                       cstackCOMRAM 000014
?_isupper                                       cstackCOMRAM 000014
?_pad                                           cstackCOMRAM 000026
?_printf                                        cstackBANK0  0000A6
?_strlen                                        cstackCOMRAM 000014
?_toupper                                       cstackCOMRAM 00001A
?_utoa                                          cstackBANK0  000060
?_vfpfcnvrt                                     cstackBANK0  00007F
?_vfprintf                                      cstackBANK0  00009E
?_xtoa                                          cstackBANK0  000060
EPWM1_LoadDutyValue@dutyValue                   cstackCOMRAM 000001
EUSART1_SetErrorHandler@interruptHandler        cstackCOMRAM 000014
EUSART1_SetFramingErrorHandler@interruptHandler cstackCOMRAM 000014
EUSART1_SetOverrunErrorHandler@interruptHandler cstackCOMRAM 000014
EUSART1_Write@txData                            cstackCOMRAM 000014
SDCARD_Initialize@i                             cstackBANK0  0000B4
SDCARD_Initialize@response                      cstackBANK0  0000B7
SDCARD_Initialize@verbose                       cstackBANK0  0000B6
SDCARD_PollWriteComplete@status                 cstackCOMRAM 000015
SDCARD_ReadBlock@addr                           cstackCOMRAM 000015
SDCARD_ReadBlock@i                              cstackCOMRAM 00001B
SDCARD_ReadBlock@sdCardBuffer                   cstackCOMRAM 000019
SDCARD_WriteBlock@addr                          cstackCOMRAM 000015
SDCARD_WriteBlock@i                             cstackCOMRAM 00001B
SDCARD_WriteBlock@sdCardBuffer                  cstackCOMRAM 000019
SPI2_ExchangeByte@data                          cstackCOMRAM 000014
SPI2_Open@spi2UniqueConfiguration               cstackCOMRAM 000015
TMR0_ReadTimer@readVal                          cstackCOMRAM 000005
TMR0_ReadTimer@readValHigh                      cstackCOMRAM 000008
TMR0_ReadTimer@readValLow                       cstackCOMRAM 000007
TMR0_SetInterruptHandler@InterruptHandler       cstackCOMRAM 000014
TMR0_WriteTimer@timerVal                        cstackCOMRAM 000014
_ADCON0                                         (abs)        000FC2
_ADCON0bits                                     (abs)        000FC2
_ADCON1                                         (abs)        000FC1
_ADCON2                                         (abs)        000FC0
_ADC_Initialize                                 text19       003798
_ADC_InterruptHandler                           bssBANK0     0000C4
_ADRESH                                         (abs)        000FC4
_ADRESL                                         (abs)        000FC3
_ANSELA                                         (abs)        000F38
_ANSELB                                         (abs)        000F39
_ANSELC                                         (abs)        000F3A
_BAUDCON1                                       (abs)        000FB8
_CCP1CON                                        (abs)        000FBD
_CCPR1H                                         (abs)        000FBF
_CCPR1L                                         (abs)        000FBE
_CCPTMRS0bits                                   (abs)        000F49
_ECCP1AS                                        (abs)        000FB6
_EPWM1_Initialize                               text18       003724
_EPWM1_LoadDutyValue                            text61       00362C
_EUSART1_DefaultErrorHandler                    (abs)        000000
_EUSART1_DefaultFramingErrorHandler             (abs)        000000
_EUSART1_DefaultOverrunErrorHandler             (abs)        000000
_EUSART1_ErrorHandler                           bssBANK0     0000C6
_EUSART1_FramingErrorHandler                    bssBANK0     0000CA
_EUSART1_Initialize                             text14       003430
_EUSART1_OverrunErrorHandler                    bssBANK0     0000C8
_EUSART1_Read                                   text54       0036B0
_EUSART1_SetErrorHandler                        text17       003822
_EUSART1_SetFramingErrorHandler                 text16       003818
_EUSART1_SetOverrunErrorHandler                 text15       00380E
_EUSART1_Write                                  text47       0037AE
_EUSART1_is_rx_ready                            text53       0037C4
_INTCON2bits                                    (abs)        000FF1
_INTCONbits                                     (abs)        000FF2
_INTERRUPT_Initialize                           text13       003840
_INTERRUPT_InterruptManager                     intcode      000008
_LATA                                           (abs)        000F89
_LATB                                           (abs)        000F8A
_LATBbits                                       (abs)        000F8A
_LATC                                           (abs)        000F8B
_OSCCON                                         (abs)        000FD3
_OSCCON2                                        (abs)        000FD2
_OSCILLATOR_Initialize                          text12       003762
_OSCTUNE                                        (abs)        000F9B
_PIN_MANAGER_Initialize                         text11       00365C
_PIR1bits                                       (abs)        000F9E
_PIR3bits                                       (abs)        000FA4
_PLLRDY                                         (abs)        007E97
_PR2                                            (abs)        000FBB
_PSTR1CON                                       (abs)        000FB9
_PWM1CON                                        (abs)        000FB7
_RCONbits                                       (abs)        000FD0
_RCREG1                                         (abs)        000FAE
_RCSTA1                                         (abs)        000FAB
_RCSTA1bits                                     (abs)        000FAB
_SDCARD_Initialize                              text25       0028DA
_SDCARD_PollWriteComplete                       text24       0034AA
_SDCARD_ReadBlock                               text23       002FB8
_SDCARD_WriteBlock                              text22       0030E8
_SPBRG1                                         (abs)        000FAF
_SPBRGH1                                        (abs)        000FB0
_SPI2_Close                                     text21       003844
_SPI2_ExchangeByte                              text52       00377E
_SPI2_Initialize                                text10       0037D8
_SPI2_Open                                      text20       002F0C
_SSP2ADD                                        (abs)        000F6E
_SSP2BUF                                        (abs)        000F6F
_SSP2CON1                                       (abs)        000F6C
_SSP2CON1bits                                   (abs)        000F6C
_SSP2CON2                                       (abs)        000F6B
_SSP2STAT                                       (abs)        000F6D
_SYSTEM_Initialize                              text6        0036D8
_T0CON                                          (abs)        000FD5
_T0CONbits                                      (abs)        000FD5
_T2CON                                          (abs)        000FBA
_T2CONbits                                      (abs)        000FBA
_TMR0H                                          (abs)        000FD7
_TMR0L                                          (abs)        000FD6
_TMR0_DefaultInterruptHandler                   text57       00384C
_TMR0_ISR                                       text56       0035F6
_TMR0_Initialize                                text8        00358A
_TMR0_InterruptHandler                          bssCOMRAM    000043
_TMR0_ReadTimer                                 text60       003744
_TMR0_SetInterruptHandler                       text9        003804
_TMR0_WriteTimer                                text5        0037FA
_TMR2                                           (abs)        000FBC
_TMR2_Initialize                                text7        0037EA
_TRISA                                          (abs)        000F92
_TRISB                                          (abs)        000F93
_TRISBbits                                      (abs)        000F93
_TRISC                                          (abs)        000F94
_TXREG1                                         (abs)        000FAD
_TXSTA1                                         (abs)        000FAC
_TXSTA1bits                                     (abs)        000FAC
_WPUB                                           (abs)        000F61
__HRAM                                          (abs)        000000
__Habs1                                         abs1         000000
__Hbank0                                        bank0        000000
__Hbank1                                        bank1        000000
__Hbank10                                       bank10       000000
__Hbank11                                       bank11       000000
__Hbank12                                       bank12       000000
__Hbank13                                       bank13       000000
__Hbank14                                       bank14       000000
__Hbank15                                       bank15       000000
__Hbank2                                        bank2        000000
__Hbank3                                        bank3        000000
__Hbank4                                        bank4        000000
__Hbank5                                        bank5        000000
__Hbank6                                        bank6        000000
__Hbank7                                        bank7        000000
__Hbank8                                        bank8        000000
__Hbank9                                        bank9        000000
__Hbigbss                                       bigbss       000000
__Hbigdata                                      bigdata      000000
__Hbigram                                       bigram       000000
__Hbss                                          bss          000000
__HbssBANK0                                     bssBANK0     000000
__HbssBANK1                                     bssBANK1     000000
__HbssBIGRAM                                    bssBIGRAM    000000
__HbssCOMRAM                                    bssCOMRAM    000000
__Hcinit                                        cinit        000000
__Hclrtext                                      clrtext      000000
__Hcomram                                       comram       000000
__Hconfig                                       config       30000E
__Hconst                                        const        000000
__HcstackBANK0                                  cstackBANK0  000000
__HcstackBANK1                                  cstackBANK1  000000
__HcstackCOMRAM                                 cstackCOMRAM 000000
__Hdata                                         data         000000
__HdataBANK0                                    dataBANK0    000000
__HdataCOMRAM                                   dataCOMRAM   000000
__Heeprom_data                                  eeprom_data  000000
__Hfarbss                                       farbss       000000
__Hfardata                                      fardata      000000
__Hibigdata                                     ibigdata     000000
__Hidata                                        idata        000000
__HidataBANK0                                   idataBANK0   000000
__HidataCOMRAM                                  idataCOMRAM  000000
__Hidloc                                        idloc        200008
__Hifardata                                     ifardata     000000
__Hinit                                         init         000052
__Hintcode                                      intcode      00004E
__Hintcode_body                                 intcode_body 000000
__Hintcodelo                                    intcodelo    00004E
__Hintentry                                     intentry     000000
__Hintret                                       intret       000000
__Hintsave_regs                                 intsave_regs 000000
__Hirdata                                       irdata       000000
__Hmediumconst                                  mediumconst  010000
__HnvFARRAM                                     nvFARRAM     000000
__Hnvbit                                        nvbit        000000
__Hnvrram                                       nvrram       000000
__Hparam                                        rparam       000000
__Hpowerup                                      powerup      00004E
__Hram                                          ram          000000
__Hramtop                                       ramtop       001000
__Hrbit                                         rbit         000000
__Hrbss                                         rbss         000000
__Hrdata                                        rdata        000000
__Hreset_vec                                    reset_vec    000004
__Hrparam                                       rparam       000000
__Hsfr                                          sfr          000000
__Hsmallconst                                   smallconst   000000
__Hspace_0                                      (abs)        010000
__Hspace_1                                      (abs)        0009DE
__Hspace_2                                      (abs)        000000
__Hspace_4                                      (abs)        60000E
__Hstack                                        stack        000000
__Hstruct                                       struct       000000
__Htemp                                         temp         00004D
__Htext                                         text         000000
__Htext0                                        text0        000000
__Htext1                                        text1        000000
__Htext10                                       text10       000000
__Htext11                                       text11       000000
__Htext12                                       text12       000000
__Htext13                                       text13       000000
__Htext14                                       text14       000000
__Htext15                                       text15       000000
__Htext16                                       text16       000000
__Htext17                                       text17       000000
__Htext18                                       text18       000000
__Htext19                                       text19       000000
__Htext2                                        text2        000000
__Htext20                                       text20       000000
__Htext21                                       text21       000000
__Htext22                                       text22       000000
__Htext23                                       text23       000000
__Htext24                                       text24       000000
__Htext25                                       text25       000000
__Htext26                                       text26       000000
__Htext27                                       text27       000000
__Htext28                                       text28       000000
__Htext29                                       text29       000000
__Htext3                                        text3        000000
__Htext30                                       text30       000000
__Htext31                                       text31       000000
__Htext32                                       text32       000000
__Htext33                                       text33       000000
__Htext34                                       text34       000000
__Htext35                                       text35       000000
__Htext36                                       text36       000000
__Htext37                                       text37       000000
__Htext38                                       text38       000000
__Htext39                                       text39       000000
__Htext4                                        text4        000000
__Htext40                                       text40       000000
__Htext41                                       text41       000000
__Htext42                                       text42       000000
__Htext43                                       text43       000000
__Htext44                                       text44       000000
__Htext45                                       text45       000000
__Htext46                                       text46       000000
__Htext47                                       text47       000000
__Htext48                                       text48       000000
__Htext49                                       text49       000000
__Htext5                                        text5        000000
__Htext50                                       text50       000000
__Htext51                                       text51       000000
__Htext52                                       text52       000000
__Htext53                                       text53       000000
__Htext54                                       text54       000000
__Htext56                                       text56       000000
__Htext57                                       text57       000000
__Htext58                                       text58       000000
__Htext59                                       text59       000000
__Htext6                                        text6        000000
__Htext60                                       text60       000000
__Htext61                                       text61       000000
__Htext62                                       text62       000000
__Htext7                                        text7        000000
__Htext8                                        text8        000000
__Htext9                                        text9        000000
__LRAM                                          (abs)        000001
__Labs1                                         abs1         000000
__Lbank0                                        bank0        000000
__Lbank1                                        bank1        000000
__Lbank10                                       bank10       000000
__Lbank11                                       bank11       000000
__Lbank12                                       bank12       000000
__Lbank13                                       bank13       000000
__Lbank14                                       bank14       000000
__Lbank15                                       bank15       000000
__Lbank2                                        bank2        000000
__Lbank3                                        bank3        000000
__Lbank4                                        bank4        000000
__Lbank5                                        bank5        000000
__Lbank6                                        bank6        000000
__Lbank7                                        bank7        000000
__Lbank8                                        bank8        000000
__Lbank9                                        bank9        000000
__Lbigbss                                       bigbss       000000
__Lbigdata                                      bigdata      000000
__Lbigram                                       bigram       000000
__Lbss                                          bss          000000
__LbssBANK0                                     bssBANK0     000000
__LbssBANK1                                     bssBANK1     000000
__LbssBIGRAM                                    bssBIGRAM    000000
__LbssCOMRAM                                    bssCOMRAM    000000
__Lcinit                                        cinit        000000
__Lclrtext                                      clrtext      000000
__Lcomram                                       comram       000000
__Lconfig                                       config       000000
__Lconst                                        const        000000
__LcstackBANK0                                  cstackBANK0  000000
__LcstackBANK1                                  cstackBANK1  000000
__LcstackCOMRAM                                 cstackCOMRAM 000000
__Ldata                                         data         000000
__LdataBANK0                                    dataBANK0    000000
__LdataCOMRAM                                   dataCOMRAM   000000
__Leeprom_data                                  eeprom_data  000000
__Lfarbss                                       farbss       000000
__Lfardata                                      fardata      000000
__Libigdata                                     ibigdata     000000
__Lidata                                        idata        000000
__LidataBANK0                                   idataBANK0   000000
__LidataCOMRAM                                  idataCOMRAM  000000
__Lidloc                                        idloc        000000
__Lifardata                                     ifardata     000000
__Linit                                         init         00004E
__Lintcode                                      intcode      000008
__Lintcode_body                                 intcode_body 000000
__Lintcodelo                                    intcodelo    00004E
__Lintentry                                     intentry     000000
__Lintret                                       intret       000000
__Lintsave_regs                                 intsave_regs 000000
__Lirdata                                       irdata       000000
__Lmediumconst                                  mediumconst  00F316
__LnvFARRAM                                     nvFARRAM     000000
__Lnvbit                                        nvbit        000000
__Lnvrram                                       nvrram       000000
__Lparam                                        rparam       000000
__Lpowerup                                      powerup      00004E
__Lram                                          ram          000000
__Lramtop                                       ramtop       001000
__Lrbit                                         rbit         000000
__Lrbss                                         rbss         000000
__Lrdata                                        rdata        000000
__Lreset_vec                                    reset_vec    000000
__Lrparam                                       rparam       000000
__Lsfr                                          sfr          000000
__Lsmallconst                                   smallconst   000000
__Lspace_0                                      (abs)        000000
__Lspace_1                                      (abs)        000000
__Lspace_2                                      (abs)        000000
__Lspace_4                                      (abs)        000000
__Lstack                                        stack        000000
__Lstruct                                       struct       000000
__Ltemp                                         temp         00004C
__Ltext                                         text         000000
__Ltext0                                        text0        000000
__Ltext1                                        text1        000000
__Ltext10                                       text10       000000
__Ltext11                                       text11       000000
__Ltext12                                       text12       000000
__Ltext13                                       text13       000000
__Ltext14                                       text14       000000
__Ltext15                                       text15       000000
__Ltext16                                       text16       000000
__Ltext17                                       text17       000000
__Ltext18                                       text18       000000
__Ltext19                                       text19       000000
__Ltext2                                        text2        000000
__Ltext20                                       text20       000000
__Ltext21                                       text21       000000
__Ltext22                                       text22       000000
__Ltext23                                       text23       000000
__Ltext24                                       text24       000000
__Ltext25                                       text25       000000
__Ltext26                                       text26       000000
__Ltext27                                       text27       000000
__Ltext28                                       text28       000000
__Ltext29                                       text29       000000
__Ltext3                                        text3        000000
__Ltext30                                       text30       000000
__Ltext31                                       text31       000000
__Ltext32                                       text32       000000
__Ltext33                                       text33       000000
__Ltext34                                       text34       000000
__Ltext35                                       text35       000000
__Ltext36                                       text36       000000
__Ltext37                                       text37       000000
__Ltext38                                       text38       000000
__Ltext39                                       text39       000000
__Ltext4                                        text4        000000
__Ltext40                                       text40       000000
__Ltext41                                       text41       000000
__Ltext42                                       text42       000000
__Ltext43                                       text43       000000
__Ltext44                                       text44       000000
__Ltext45                                       text45       000000
__Ltext46                                       text46       000000
__Ltext47                                       text47       000000
__Ltext48                                       text48       000000
__Ltext49                                       text49       000000
__Ltext5                                        text5        000000
__Ltext50                                       text50       000000
__Ltext51                                       text51       000000
__Ltext52                                       text52       000000
__Ltext53                                       text53       000000
__Ltext54                                       text54       000000
__Ltext56                                       text56       000000
__Ltext57                                       text57       000000
__Ltext58                                       text58       000000
__Ltext59                                       text59       000000
__Ltext6                                        text6        000000
__Ltext60                                       text60       000000
__Ltext61                                       text61       000000
__Ltext62                                       text62       000000
__Ltext7                                        text7        000000
__Ltext8                                        text8        000000
__Ltext9                                        text9        000000
__S0                                            (abs)        010000
__S1                                            (abs)        0009DE
__S2                                            (abs)        000000
__S4                                            (abs)        000000
__S5                                            (abs)        000000
___aodiv                                        text43       002752
___aodiv@counter                                cstackCOMRAM 000024
___aodiv@dividend                               cstackCOMRAM 000014
___aodiv@divisor                                cstackCOMRAM 00001C
___aodiv@quotient                               cstackCOMRAM 000026
___aodiv@sign                                   cstackCOMRAM 000025
___aomod                                        text42       002A52
___aomod@counter                                cstackCOMRAM 000024
___aomod@dividend                               cstackCOMRAM 000014
___aomod@divisor                                cstackCOMRAM 00001C
___aomod@sign                                   cstackCOMRAM 000025
___inthi_sp                                     stack        000000
___intlo_sp                                     stack        000000
___lodiv                                        text36       002BB6
___lodiv@counter                                cstackCOMRAM 00002C
___lodiv@dividend                               cstackCOMRAM 000014
___lodiv@divisor                                cstackCOMRAM 00001C
___lodiv@quotient                               cstackCOMRAM 000024
___lomod                                        text35       002D7A
___lomod@counter                                cstackCOMRAM 000024
___lomod@dividend                               cstackCOMRAM 000014
___lomod@divisor                                cstackCOMRAM 00001C
___param_bank                                   (abs)        000000
___rparam_used                                  (abs)        000001
___sp                                           stack        000000
___wmul                                         text51       0036FE
___wmul@multiplicand                            cstackCOMRAM 000016
___wmul@multiplier                              cstackCOMRAM 000014
___wmul@product                                 cstackCOMRAM 000018
__accesstop                                     (abs)        000060
__activetblptr                                  (abs)        000003
__end_of_ADC_Initialize                         text19       0037AE
__end_of_EPWM1_Initialize                       text18       003744
__end_of_EPWM1_LoadDutyValue                    text61       00365C
__end_of_EUSART1_Initialize                     text14       00346E
__end_of_EUSART1_Read                           text54       0036D8
__end_of_EUSART1_SetErrorHandler                text17       00382C
__end_of_EUSART1_SetFramingErrorHandler         text16       003822
__end_of_EUSART1_SetOverrunErrorHandler         text15       003818
__end_of_EUSART1_Write                          text47       0037C4
__end_of_EUSART1_is_rx_ready                    text53       0037D8
__end_of_INTERRUPT_Initialize                   text13       003844
__end_of_INTERRUPT_InterruptManager             intcode      00004E
__end_of_OSCILLATOR_Initialize                  text12       00377E
__end_of_PIN_MANAGER_Initialize                 text11       003688
__end_of_SDCARD_Initialize                      text25       002A52
__end_of_SDCARD_PollWriteComplete               text24       0034E2
__end_of_SDCARD_ReadBlock                       text23       003052
__end_of_SDCARD_WriteBlock                      text22       003176
__end_of_SPI2_Close                             text21       003848
__end_of_SPI2_ExchangeByte                      text52       003798
__end_of_SPI2_Initialize                        text10       0037EA
__end_of_SPI2_Open                              text20       002FB8
__end_of_SYSTEM_Initialize                      text6        0036FE
__end_of_TMR0_DefaultInterruptHandler           text57       00384E
__end_of_TMR0_ISR                               text56       00362C
__end_of_TMR0_Initialize                        text8        0035C0
__end_of_TMR0_ReadTimer                         text60       003762
__end_of_TMR0_SetInterruptHandler               text9        00380E
__end_of_TMR0_WriteTimer                        text5        003804
__end_of_TMR2_Initialize                        text7        0037FA
__end_of___aodiv                                text43       0028DA
__end_of___aomod                                text42       002BB6
__end_of___lodiv                                text36       002CA6
__end_of___lomod                                text35       002E4A
__end_of___wmul                                 text51       003724
__end_of__initialization                        cinit        0031DE
__end_of_abs                                    text41       003430
__end_of_atoi                                   text48       002752
__end_of_ctoa                                   text44       002D7A
__end_of_dtoa                                   text37       001AEE
__end_of_fputc                                  text45       0030E8
__end_of_fputs                                  text40       0033F0
__end_of_hexDumpBuffer                          text4        0025B8
__end_of_incrementAddress                       text3        0033AC
__end_of_isalpha                                text33       0034AA
__end_of_isdigit                                text50       00358A
__end_of_islower                                text31       00351A
__end_of_isspace                                text49       003368
__end_of_isupper                                text32       003552
__end_of_main                                   text0        001286
__end_of_myTMR0ISR                              text58       001FD8
__end_of_pad                                    text38       002F0C
__end_of_printAddress                           text2        003254
__end_of_printAscii                             text1        0023CC
__end_of_printf                                 text26       0036B0
__end_of_putch                                  text46       003836
__end_of_sin                                    mediumconst  00F331
__end_of_spi2_configuration                     mediumconst  00F335
__end_of_strlen                                 text39       0035F6
__end_of_toupper                                text30       003316
__end_of_utoa                                   text34       0021E0
__end_of_vfpfcnvrt                              text28       00180A
__end_of_vfprintf                               text27       0032B8
__end_of_xtoa                                   text29       001DCC
__end_ofi2_TMR0_WriteTimer                      text59       003840
__initialization                                cinit        003176
__mediumconst                                   mediumconst  00F316
__pbssBANK0                                     bssBANK0     0000C2
__pbssBANK1                                     bssBANK1     000100
__pbssBIGRAM                                    bssBIGRAM    0001DE
__pbssCOMRAM                                    bssCOMRAM    000039
__pcinit                                        cinit        003176
__pcstackBANK0                                  cstackBANK0  000060
__pcstackBANK1                                  cstackBANK1  0001A0
__pcstackCOMRAM                                 cstackCOMRAM 000001
__pdataBANK0                                    dataBANK0    0000D1
__pdataCOMRAM                                   dataCOMRAM   00004A
__pidataBANK0                                   idataBANK0   00384A
__pidataCOMRAM                                  idataCOMRAM  003848
__pintcode                                      intcode      000008
__pmediumconst                                  mediumconst  00F316
__ptext0                                        text0        000052
__ptext1                                        text1        0021E0
__ptext10                                       text10       0037D8
__ptext11                                       text11       00365C
__ptext12                                       text12       003762
__ptext13                                       text13       003840
__ptext14                                       text14       003430
__ptext15                                       text15       00380E
__ptext16                                       text16       003818
__ptext17                                       text17       003822
__ptext18                                       text18       003724
__ptext19                                       text19       003798
__ptext2                                        text2        0031E8
__ptext20                                       text20       002F0C
__ptext21                                       text21       003844
__ptext22                                       text22       0030E8
__ptext23                                       text23       002FB8
__ptext24                                       text24       0034AA
__ptext25                                       text25       0028DA
__ptext26                                       text26       003688
__ptext27                                       text27       003254
__ptext28                                       text28       001286
__ptext29                                       text29       001AEE
__ptext3                                        text3        003368
__ptext30                                       text30       0032B8
__ptext31                                       text31       0034E2
__ptext32                                       text32       00351A
__ptext33                                       text33       00346E
__ptext34                                       text34       001FD8
__ptext35                                       text35       002D7A
__ptext36                                       text36       002BB6
__ptext37                                       text37       00180A
__ptext38                                       text38       002E4A
__ptext39                                       text39       0035C0
__ptext4                                        text4        0023CC
__ptext40                                       text40       0033AC
__ptext41                                       text41       0033F0
__ptext42                                       text42       002A52
__ptext43                                       text43       002752
__ptext44                                       text44       002CA6
__ptext45                                       text45       003052
__ptext46                                       text46       00382C
__ptext47                                       text47       0037AE
__ptext48                                       text48       0025B8
__ptext49                                       text49       003316
__ptext5                                        text5        0037FA
__ptext50                                       text50       003552
__ptext51                                       text51       0036FE
__ptext52                                       text52       00377E
__ptext53                                       text53       0037C4
__ptext54                                       text54       0036B0
__ptext56                                       text56       0035F6
__ptext57                                       text57       00384C
__ptext58                                       text58       001DCC
__ptext59                                       text59       003836
__ptext6                                        text6        0036D8
__ptext60                                       text60       003744
__ptext61                                       text61       00362C
__ptext62                                       text62       000000
__ptext7                                        text7        0037EA
__ptext8                                        text8        00358A
__ptext9                                        text9        003804
__ramtop                                        ramtop       001000
__size_of_ADC_Initialize                        (abs)        000000
__size_of_EPWM1_Initialize                      (abs)        000000
__size_of_EPWM1_LoadDutyValue                   (abs)        000000
__size_of_EUSART1_Initialize                    (abs)        000000
__size_of_EUSART1_Read                          (abs)        000000
__size_of_EUSART1_SetErrorHandler               (abs)        000000
__size_of_EUSART1_SetFramingErrorHandler        (abs)        000000
__size_of_EUSART1_SetOverrunErrorHandler        (abs)        000000
__size_of_EUSART1_Write                         (abs)        000000
__size_of_EUSART1_is_rx_ready                   (abs)        000000
__size_of_INTERRUPT_Initialize                  (abs)        000000
__size_of_INTERRUPT_InterruptManager            (abs)        000000
__size_of_OSCILLATOR_Initialize                 (abs)        000000
__size_of_PIN_MANAGER_Initialize                (abs)        000000
__size_of_SDCARD_Initialize                     (abs)        000000
__size_of_SDCARD_PollWriteComplete              (abs)        000000
__size_of_SDCARD_ReadBlock                      (abs)        000000
__size_of_SDCARD_WriteBlock                     (abs)        000000
__size_of_SPI2_Close                            (abs)        000000
__size_of_SPI2_ExchangeByte                     (abs)        000000
__size_of_SPI2_Initialize                       (abs)        000000
__size_of_SPI2_Open                             (abs)        000000
__size_of_SYSTEM_Initialize                     (abs)        000000
__size_of_TMR0_DefaultInterruptHandler          (abs)        000000
__size_of_TMR0_ISR                              (abs)        000000
__size_of_TMR0_Initialize                       (abs)        000000
__size_of_TMR0_ReadTimer                        (abs)        000000
__size_of_TMR0_SetInterruptHandler              (abs)        000000
__size_of_TMR0_WriteTimer                       (abs)        000000
__size_of_TMR2_Initialize                       (abs)        000000
__size_of___aodiv                               (abs)        000000
__size_of___aomod                               (abs)        000000
__size_of___lodiv                               (abs)        000000
__size_of___lomod                               (abs)        000000
__size_of___wmul                                (abs)        000000
__size_of_abs                                   (abs)        000000
__size_of_atoi                                  (abs)        000000
__size_of_ctoa                                  (abs)        000000
__size_of_dtoa                                  (abs)        000000
__size_of_fputc                                 (abs)        000000
__size_of_fputs                                 (abs)        000000
__size_of_hexDumpBuffer                         (abs)        000000
__size_of_incrementAddress                      (abs)        000000
__size_of_isalpha                               (abs)        000000
__size_of_isdigit                               (abs)        000000
__size_of_islower                               (abs)        000000
__size_of_isspace                               (abs)        000000
__size_of_isupper                               (abs)        000000
__size_of_main                                  (abs)        000000
__size_of_myTMR0ISR                             (abs)        000000
__size_of_pad                                   (abs)        000000
__size_of_printAddress                          (abs)        000000
__size_of_printAscii                            (abs)        000000
__size_of_printf                                (abs)        000000
__size_of_putch                                 (abs)        000000
__size_of_strlen                                (abs)        000000
__size_of_toupper                               (abs)        000000
__size_of_utoa                                  (abs)        000000
__size_of_vfpfcnvrt                             (abs)        000000
__size_of_vfprintf                              (abs)        000000
__size_of_xtoa                                  (abs)        000000
__size_ofi2_TMR0_WriteTimer                     (abs)        000000
__smallconst                                    smallconst   000000
_abs                                            text41       0033F0
_atoi                                           text48       0025B8
_atoi$2042                                      cstackCOMRAM 000023
_atoi$2043                                      cstackCOMRAM 000027
_atoi$2044                                      cstackCOMRAM 000025
_buffer1Full                                    bssBANK0     0000D0
_buffer2Full                                    bssBANK0     0000CF
_collecting                                     bssBANK0     0000CE
_ctoa                                           text44       002CA6
_dbuf                                           bssBANK1     000180
_doPlayback                                     bssBANK0     0000CD
_dtoa                                           text37       00180A
_dtoa$1986                                      cstackBANK0  00006A
_eusart1RxLastError                             bssCOMRAM    000049
_flags                                          bssCOMRAM    00003D
_fputc                                          text45       003052
_fputs                                          text40       0033AC
_hexDumpBuffer                                  text4        0023CC
_incrementAddress                               text3        003368
_isalpha                                        text33       00346E
_isdigit                                        text50       003552
_islower                                        text31       0034E2
_isspace                                        text49       003316
_isspace$2069                                   cstackCOMRAM 00001A
_isupper                                        text32       00351A
_main                                           text0        000052
_myTMR0ISR                                      text58       001DCC
_nout                                           bssBANK0     0000C2
_pad                                            text38       002E4A
_prec                                           bssCOMRAM    00003B
_printAddress                                   text2        0031E8
_printAscii                                     text1        0021E0
_printf                                         text26       003688
_putch                                          text46       00382C
_sampleRate                                     dataBANK0    0000D1
_sdCardBuffer                                   bssBIGRAM    0007DE
_sdCardBuffer1                                  bssBIGRAM    0005DE
_sdCardBuffer2                                  bssBIGRAM    0003DE
_sin                                            mediumconst  00F317
_spi2_configuration                             mediumconst  00F331
_startCollect                                   bssCOMRAM    000048
_stopCollect                                    bssCOMRAM    000047
_stopPlayback                                   bssCOMRAM    000046
_strlen                                         text39       0035C0
_timer0ReloadVal                                bssCOMRAM    000041
_toupper                                        text30       0032B8
_toupper$2118                                   cstackCOMRAM 000020
_utoa                                           text34       001FD8
_vfpfcnvrt                                      text28       001286
_vfpfcnvrt$2019                                 cstackBANK0  000093
_vfprintf                                       text27       003254
_width                                          bssCOMRAM    000039
_writeFailureStatus                             bssBANK1     000100
_writeFailureTable                              bssBIGRAM    0001DE
_xtoa                                           text29       001AEE
_xtoa$2004                                      cstackBANK0  00006B
_xtoa$2005                                      cstackBANK0  00006D
abs@a                                           cstackCOMRAM 000026
atoi@n                                          cstackCOMRAM 000028
atoi@neg                                        cstackCOMRAM 000021
atoi@s                                          cstackCOMRAM 00001B
btemp                                           temp         00004C
ctoa@c                                          cstackCOMRAM 000021
ctoa@fp                                         cstackCOMRAM 00001F
ctoa@l                                          cstackCOMRAM 000023
ctoa@w                                          cstackCOMRAM 000025
dtoa@d                                          cstackBANK0  000062
dtoa@fp                                         cstackBANK0  000060
dtoa@i                                          cstackBANK0  00007A
dtoa@n                                          cstackBANK0  000072
dtoa@p                                          cstackBANK0  00006C
dtoa@s                                          cstackBANK0  000070
dtoa@w                                          cstackBANK0  00006E
end_of_initialization                           cinit        0031DE
fputc@c                                         cstackCOMRAM 000016
fputc@fp                                        cstackCOMRAM 000018
fputs@c                                         cstackCOMRAM 000023
fputs@fp                                        cstackCOMRAM 000021
fputs@i                                         cstackCOMRAM 000024
fputs@s                                         cstackCOMRAM 00001F
hexDumpBuffer@i                                 cstackBANK0  0000BC
hexDumpBuffer@j                                 cstackBANK0  0000B8
hexDumpBuffer@j_1447                            cstackBANK0  0000BA
hexDumpBuffer@sdCardBuffer                      cstackBANK0  0000B4
i2TMR0_WriteTimer@timerVal                      cstackCOMRAM 000009
i2_TMR0_WriteTimer                              text59       003836
incrementAddress@sdCardAddress                  cstackCOMRAM 000014
int$flags                                       temp         00004C
intlevel0                                       text         000000
intlevel1                                       text         000000
intlevel2                                       text         000000
intlevel3                                       text         000000
isalpha@c                                       cstackCOMRAM 000014
isdigit@c                                       cstackCOMRAM 000014
islower@c                                       cstackCOMRAM 000014
isspace@c                                       cstackCOMRAM 000014
isupper@c                                       cstackCOMRAM 000014
main@addr                                       cstackBANK1  0001B0
main@address                                    cstackBANK1  0001C1
main@cmd                                        cstackBANK1  0001C5
main@endAddress                                 cstackBANK1  0001B4
main@failureIndex                               cstackBANK1  0001D8
main@i                                          cstackBANK1  0001CA
main@i_1280                                     cstackBANK1  0001BC
main@i_1296                                     cstackBANK1  0001C0
main@i_1316                                     cstackBANK1  0001BE
main@j                                          cstackBANK1  0001AF
main@numBlocks                                  cstackBANK1  0001A1
main@printVal                                   cstackBANK1  0001A5
main@printedBlocks                              cstackBANK1  0001AB
main@readAddress                                cstackBANK1  0001D0
main@sdCardAddress                              cstackBANK1  0001D4
main@sinIndex                                   bssBANK0     0000CC
main@status                                     cstackBANK1  0001D9
main@storedCounter                              cstackBANK1  0001A7
main@writeAddress                               cstackBANK1  0001CC
main@writeAddress_1292                          cstackBANK1  0001DA
main@writeEndAddress                            cstackBANK1  0001C6
main@writeStartAddress                          cstackBANK1  0001B8
myTMR0ISR@buffer                                dataCOMRAM   00004A
myTMR0ISR@bufferIndex                           bssCOMRAM    00003F
myTMR0ISR@mic                                   cstackCOMRAM 00000D
myTMR0ISR@state                                 bssCOMRAM    000045
myTMR0ISR@useBuffer1                            cstackCOMRAM 00000F
pad@buf                                         cstackCOMRAM 000028
pad@fp                                          cstackCOMRAM 000026
pad@i                                           cstackCOMRAM 00002D
pad@p                                           cstackCOMRAM 00002A
pad@w                                           cstackCOMRAM 00002F
printAddress@address                            cstackBANK0  0000B4
printf@ap                                       cstackBANK0  0000B2
printf@fmt                                      cstackBANK0  0000A6
putch@txData                                    cstackCOMRAM 000015
stackhi                                         (abs)        000F37
stacklo                                         (abs)        0009DE
start                                           init         00004E
start_initialization                            cinit        003176
strlen@a                                        cstackCOMRAM 000016
strlen@s                                        cstackCOMRAM 000014
toupper@c                                       cstackCOMRAM 00001A
ttemp5                                          temp         00004D
ttemp6                                          temp         000050
ttemp7                                          temp         000054
utoa@d                                          cstackBANK0  000062
utoa@fp                                         cstackBANK0  000060
utoa@i                                          cstackBANK0  000076
utoa@n                                          cstackBANK0  00006E
utoa@p                                          cstackBANK0  00006A
utoa@w                                          cstackBANK0  00006C
vfpfcnvrt@ap                                    cstackBANK0  000083
vfpfcnvrt@c                                     cstackBANK0  00009D
vfpfcnvrt@done                                  cstackBANK0  000091
vfpfcnvrt@fmt                                   cstackBANK0  000081
vfpfcnvrt@fp                                    cstackBANK0  00007F
vfpfcnvrt@ll                                    cstackBANK0  000089
vfpfcnvrt@llu                                   cstackBANK0  000095
vfprintf@ap                                     cstackBANK0  0000A2
vfprintf@cfmt                                   cstackBANK0  0000A4
vfprintf@fmt                                    cstackBANK0  0000A0
vfprintf@fp                                     cstackBANK0  00009E
wtemp8                                          temp         00004D
xtoa@c                                          cstackBANK0  00007D
xtoa@d                                          cstackBANK0  000062
xtoa@fp                                         cstackBANK0  000060
xtoa@i                                          cstackBANK0  00007B
xtoa@n                                          cstackBANK0  000073
xtoa@p                                          cstackBANK0  00006F
xtoa@w                                          cstackBANK0  000071
xtoa@x                                          cstackBANK0  00006A


FUNCTION INFORMATION:

 *************** function _main *****************
 Defined at:
		line 60 in file "main.c"
 Parameters:    Size  Location     Type
		None
 Auto vars:     Size  Location     Type
  addr            4   16[BANK1 ] unsigned long 
  i               2   28[BANK1 ] unsigned short 
  printVal        2    5[BANK1 ] unsigned short 
  i               1   32[BANK1 ] unsigned char 
  i               2   30[BANK1 ] unsigned short 
  j               1   15[BANK1 ] unsigned char 
  writeAddress    4   58[BANK1 ] unsigned long 
  failureIndex    1   56[BANK1 ] unsigned char 
  readAddress     4   48[BANK1 ] unsigned long 
  writeAddress    4   44[BANK1 ] unsigned long 
  storedCounte    4    7[BANK1 ] unsigned long 
  address         4   33[BANK1 ] unsigned long 
  endAddress      4   20[BANK1 ] unsigned long 
  printedBlock    4   11[BANK1 ] unsigned long 
  numBlocks       4    1[BANK1 ] unsigned long 
  sdCardAddres    4   52[BANK1 ] unsigned long 
  writeEndAddr    4   38[BANK1 ] unsigned long 
  writeStartAd    4   24[BANK1 ] unsigned long 
  i               2   42[BANK1 ] unsigned short 
  status          1   57[BANK1 ] unsigned char 
  cmd             1   37[BANK1 ] unsigned char 
  letter          1    0        unsigned char 
 Return value:  Size  Location     Type
                  1    wreg      void 
 Registers used:
		wreg, fsr1l, fsr1h, fsr2l, fsr2h, status,2, status,0, tblptrl, tblptrh, tblptru, prodl, prodh, cstack
 Tracked objects:
		On entry : 
		On exit  : 
		Unchanged: 
 Data sizes:     COMRAM   BANK0   BANK1   BANK2   BANK3   BANK4   BANK5   BANK6   BANK7   BANK8   BANK9  BANK10  BANK11  BANK12  BANK13  BANK14  BANK15
      Params:         0       0       0       0       0       0       0       0       0       0       0       0       0       0       0       0       0
      Locals:         0       0      62       0       0       0       0       0       0       0       0       0       0       0       0       0       0
      Temps:          0       4       0       0       0       0       0       0       0       0       0       0       0       0       0       0       0
      Totals:         0       4      62       0       0       0       0       0       0       0       0       0       0       0       0       0       0
Total ram usage:       66 bytes
 Hardware stack levels required when called:   14
 This function calls:
		_EUSART1_Read
		_EUSART1_is_rx_ready
		_SDCARD_Initialize
		_SDCARD_PollWriteComplete
		_SDCARD_ReadBlock
		_SDCARD_WriteBlock
		_SPI2_Close
		_SPI2_Open
		_SYSTEM_Initialize
		_TMR0_SetInterruptHandler
		_TMR0_WriteTimer
		_hexDumpBuffer
		_incrementAddress
		_printAddress
		_printAscii
		_printf
 This function is called by:
		Startup code after reset
 This function uses a non-reentrant model


 *************** function _printAscii *****************
 Defined at:
		line 555 in file "main.c"
 Parameters:    Size  Location     Type
		None
[...]
 Data sizes:     COMRAM   BANK0   BANK1   BANK2   BANK3   BANK4   BANK5   BANK6   BANK7   BANK8   BANK9  BANK10  BANK11  BANK12  BANK13  BANK14  BANK15
      Params:         0       0       0       0       0       0       0       0       0       0       0       0       0       0       0       0       0
      Locals:         0       0       0       0       0       0       0       0       0       0       0       0       0       0       0       0       0
      Temps:          0       0       0       0       0       0       0       0       0       0       0       0       0       0       0       0       0
      Totals:         0       0       0       0       0       0       0       0       0       0       0       0       0       0       0       0       0
Total ram usage:        0 bytes
 Hardware stack levels used:    1
 Hardware stack levels required when called:    4
 This function calls:
		Nothing
 This function is called by:
		_main
 This function uses a non-reentrant model


 *************** function _EUSART1_Read *****************
 Defined at:
		line 113 in file "mcc_generated_files/eusart1.c"
 Parameters:    Size  Location     Type
		None
 Auto vars:     Size  Location     Type
		None
 Return value:  Size  Location     Type
                  1    wreg      unsigned char 
 Registers used:
		wreg, status,2
 Tracked objects:
		On entry : 
		On exit  : 
		Unchanged: 
 Data sizes:     COMRAM   BANK0   BANK1   BANK2   BANK3   BANK4   BANK5   BANK6   BANK7   BANK8   BANK9  BANK10  BANK11  BANK12  BANK13  BANK14  BANK15
      Params:         0       0       0       0       0       0       0       0       0       0       0       0       0       0       0       0       0
      Locals:         0       0       0       0       0       0       0       0       0       0       0       0       0       0       0       0       0
      Temps:          0       0       0       0       0       0       0       0       0       0       0       0       0       0       0       0       0
      Totals:         0       0       0       0       0       0       0       0       0       0       0       0       0       0       0       0       0
Total ram usage:        0 bytes
 Hardware stack levels used:    1
 Hardware stack levels required when called:    4
 This function calls:
		Nothing
 This function is called by:
		_main
		_getch
 This function uses a non-reentrant model


 *************** function _INTERRUPT_InterruptManager *****************
 Defined at:
		line 58 in file "mcc_generated_files/interrupt_manager.c"
 Parameters:    Size  Location     Type
		None
 Auto vars:     Size  Location     Type
		None
 Return value:  Size  Location     Type
                  1    wreg      void 
 Registers used:
		wreg, fsr2l, fsr2h, status,2, status,0, pclath, tosl, cstack
 Tracked objects:
		On entry : 
		On exit  : 
		Unchanged: 
 Data sizes:     COMRAM   BANK0   BANK1   BANK2   BANK3   BANK4   BANK5   BANK6   BANK7   BANK8   BANK9  BANK10  BANK11  BANK12  BANK13  BANK14  BANK15
      Params:         0       0       0       0       0       0       0       0       0       0       0       0       0       0       0       0       0
      Locals:         0       0       0       0       0       0       0       0       0       0       0       0       0       0       0       0       0
      Temps:          4       0       0       0       0       0       0       0       0       0       0       0       0       0       0       0       0
      Totals:         4       0       0       0       0       0       0       0       0       0       0       0       0       0       0       0       0
Total ram usage:        4 bytes
 Hardware stack levels used:    1
 Hardware stack levels required when called:    3
 This function calls:
		_TMR0_ISR
 This function is called by:
		Interrupt level 2
 This function uses a non-reentrant model


 *************** function _TMR0_ISR *****************
 Defined at:
		line 136 in file "mcc_generated_files/tmr0.c"
 Parameters:    Size  Location     Type
		None
 Auto vars:     Size  Location     Type
		None
 Return value:  Size  Location     Type
                  1    wreg      void 
 Registers used:
		wreg, fsr2l, fsr2h, status,2, status,0, pclath, tosl, cstack
 Tracked objects:
		On entry : 
		On exit  : 
		Unchanged: 
 Data sizes:     COMRAM   BANK0   BANK1   BANK2   BANK3   BANK4   BANK5   BANK6   BANK7   BANK8   BANK9  BANK10  BANK11  BANK12  BANK13  BANK14  BANK15
      Params:         0       0       0       0       0       0       0       0       0       0       0       0       0       0       0       0       0
      Locals:         0       0       0       0       0       0       0       0       0       0       0       0       0       0       0       0       0
      Temps:          0       0       0       0       0       0       0       0       0       0       0       0       0       0       0       0       0
      Totals:         0       0       0       0       0       0       0       0       0       0       0       0       0       0       0       0       0
Total ram usage:        0 bytes
 Hardware stack levels used:    1
 Hardware stack levels required when called:    2
 This function calls:
		Absolute function
		_TMR0_DefaultInterruptHandler
		_myTMR0ISR
 This function is called by:
		_INTERRUPT_InterruptManager
 This function uses a non-reentrant model


 *************** function _TMR0_DefaultInterruptHandler *****************
 Defined at:
		line 160 in file "mcc_generated_files/tmr0.c"
 Parameters:    Size  Location     Type
		None
 Auto vars:     Size  Location     Type
		None
 Return value:  Size  Location     Type
                  1    wreg      void 
 Registers used:
		None
 Tracked objects:
		On entry : 
		On exit  : 
		Unchanged: 
 Data sizes:     COMRAM   BANK0   BANK1   BANK2   BANK3   BANK4   BANK5   BANK6   BANK7   BANK8   BANK9  BANK10  BANK11  BANK12  BANK13  BANK14  BANK15
      Params:         0       0       0       0       0       0       0       0       0       0       0       0       0       0       0       0       0
      Locals:         0       0       0       0       0       0       0       0       0       0       0       0       0       0       0       0       0
      Temps:          0       0       0       0       0       0       0       0       0       0       0       0       0       0       0       0       0
      Totals:         0       0       0       0       0       0       0       0       0       0       0       0       0       0       0       0       0
Total ram usage:        0 bytes
 Hardware stack levels used:    1
 This function calls:
		Nothing
 This function is called by:
		_TMR0_Initialize
		_TMR0_ISR
 This function uses a non-reentrant model


 *************** function _myTMR0ISR *****************
 Defined at:
		line 460 in file "main.c"
 Parameters:    Size  Location     Type
		None
 Auto vars:     Size  Location     Type
  mic             2   12[COMRAM] unsigned short 
  useBuffer1      1   14[COMRAM] unsigned char 
 Return value:  Size  Location     Type
                  1    wreg      void 
 Registers used:
		wreg, fsr2l, fsr2h, status,2, status,0, cstack
 Tracked objects:
		On entry : 
		On exit  : 
		Unchanged: 
 Data sizes:     COMRAM   BANK0   BANK1   BANK2   BANK3   BANK4   BANK5   BANK6   BANK7   BANK8   BANK9  BANK10  BANK11  BANK12  BANK13  BANK14  BANK15
      Params:         0       0       0       0       0       0       0       0       0       0       0       0       0       0       0       0       0
      Locals:         3       0       0       0       0       0       0       0       0       0       0       0       0       0       0       0       0
      Temps:          2       0       0       0       0       0       0       0       0       0       0       0       0       0       0       0       0
      Totals:         5       0       0       0       0       0       0       0       0       0       0       0       0       0       0       0       0
Total ram usage:        5 bytes
 Hardware stack levels used:    1
 Hardware stack levels required when called:    1
 This function calls:
		_EPWM1_LoadDutyValue
		_TMR0_ReadTimer
		i2_TMR0_WriteTimer
 This function is called by:
		_main
		_TMR0_ISR
 This function uses a non-reentrant model


 *************** function i2_TMR0_WriteTimer *****************
 Defined at:
		line 122 in file "mcc_generated_files/tmr0.c"
 Parameters:    Size  Location     Type
  timerVal        2    8[COMRAM] unsigned short 
 Auto vars:     Size  Location     Type
		None
 Return value:  Size  Location     Type
                  1    wreg      void 
 Registers used:
		wreg, status,2
 Tracked objects:
		On entry : 
		On exit  : 
		Unchanged: 
 Data sizes:     COMRAM   BANK0   BANK1   BANK2   BANK3   BANK4   BANK5   BANK6   BANK7   BANK8   BANK9  BANK10  BANK11  BANK12  BANK13  BANK14  BANK15
      Params:         2       0       0       0       0       0       0       0       0       0       0       0       0       0       0       0       0
      Locals:         0       0       0       0       0       0       0       0       0       0       0       0       0       0       0       0       0
      Temps:          0       0       0       0       0       0       0       0       0       0       0       0       0       0       0       0       0
      Totals:         2       0       0       0       0       0       0       0       0       0       0       0       0       0       0       0       0
Total ram usage:        2 bytes
 Hardware stack levels used:    1
 This function calls:
		Nothing
 This function is called by:
		_myTMR0ISR
 This function uses a non-reentrant model


 *************** function _TMR0_ReadTimer *****************
 Defined at:
		line 109 in file "mcc_generated_files/tmr0.c"
 Parameters:    Size  Location     Type
		None
 Auto vars:     Size  Location     Type
  readVal         2    4[COMRAM] unsigned short 
  readValHigh     1    7[COMRAM] unsigned char 
  readValLow      1    6[COMRAM] unsigned char 
 Return value:  Size  Location     Type
                  2    0[COMRAM] unsigned short 
 Registers used:
		wreg, status,2
 Tracked objects:
		On entry : 
		On exit  : 
		Unchanged: 
 Data sizes:     COMRAM   BANK0   BANK1   BANK2   BANK3   BANK4   BANK5   BANK6   BANK7   BANK8   BANK9  BANK10  BANK11  BANK12  BANK13  BANK14  BANK15
      Params:         2       0       0       0       0       0       0       0       0       0       0       0       0       0       0       0       0
      Locals:         4       0       0       0       0       0       0       0       0       0       0       0       0       0       0       0       0
      Temps:          2       0       0       0       0       0       0       0       0       0       0       0       0       0       0       0       0
      Totals:         8       0       0       0       0       0       0       0       0       0       0       0       0       0       0       0       0
Total ram usage:        8 bytes
 Hardware stack levels used:    1
 This function calls:
		Nothing
 This function is called by:
		_myTMR0ISR
 This function uses a non-reentrant model


 *************** function _EPWM1_LoadDutyValue *****************
 Defined at:
		line 90 in file "mcc_generated_files/epwm1.c"
 Parameters:    Size  Location     Type
  dutyValue       2    0[COMRAM] unsigned short 
 Auto vars:     Size  Location     Type
		None
 Return value:  Size  Location     Type
                  1    wreg      void 
 Registers used:
		wreg, status,2, status,0
 Tracked objects:
		On entry : 
		On exit  : 
		Unchanged: 
 Data sizes:     COMRAM   BANK0   BANK1   BANK2   BANK3   BANK4   BANK5   BANK6   BANK7   BANK8   BANK9  BANK10  BANK11  BANK12  BANK13  BANK14  BANK15
      Params:         2       0       0       0       0       0       0       0       0       0       0       0       0       0       0       0       0
      Locals:         0       0       0       0       0       0       0       0       0       0       0       0       0       0       0       0       0
      Temps:          2       0       0       0       0       0       0       0       0       0       0       0       0       0       0       0       0
      Totals:         4       0       0       0       0       0       0       0       0       0       0       0       0       0       0       0       0
Total ram usage:        4 bytes
 Hardware stack levels used:    1
 This function calls:
		Nothing
 This function is called by:
		_myTMR0ISR
 This function uses a non-reentrant model



MODULE INFORMATION

Module		Function		Class		Link	Load	Size
C:\Program Files\Microchip\xc8\v2.31\pic\sources\c99\common\isdigit.c
		_isdigit       		CODE           	3552	0000	56

C:\Program Files\Microchip\xc8\v2.31\pic\sources\c99\common\isdigit.c estimated size: 56

C:\Program Files\Microchip\xc8\v2.31\pic\sources\c99\common\nf_fputs.c
		_fputs         		CODE           	33AC	0000	68

C:\Program Files\Microchip\xc8\v2.31\pic\sources\c99\common\nf_fputs.c estimated size: 68

mcc_generated_files/tmr2.c
		_TMR2_Initialize		CODE           	37EA	0000	16

mcc_generated_files/tmr2.c estimated size: 16

mcc_generated_files/interrupt_manager.c
		_INTERRUPT_Initialize		CODE           	3840	0000	4
		_INTERRUPT_InterruptManager		CODE           	0008	0000	70

mcc_generated_files/interrupt_manager.c estimated size: 74

C:\Program Files\Microchip\xc8\v2.31\pic\sources\c99\common\printf.c
		_printf        		CODE           	3688	0000	40

C:\Program Files\Microchip\xc8\v2.31\pic\sources\c99\common\printf.c estimated size: 40

C:\Program Files\Microchip\xc8\v2.31\pic\sources\c99\common\lomod.c
		___lomod       		CODE           	2D7A	0000	208

C:\Program Files\Microchip\xc8\v2.31\pic\sources\c99\common\lomod.c estimated size: 208

C:\Program Files\Microchip\xc8\v2.31\pic\sources\c99\common\aomod.c
		___aomod       		CODE           	2A52	0000	356

C:\Program Files\Microchip\xc8\v2.31\pic\sources\c99\common\aomod.c estimated size: 356

mcc_generated_files/tmr0.c
		_TMR0_SetInterruptHandler		CODE           	3804	0000	10
		_TMR0_DefaultInterruptHandler		CODE           	384C	0000	2
		_TMR0_WriteTimer		CODE           	37FA	0000	10
		_TMR0_ReadTimer		CODE           	3744	0000	30
		_TMR0_ISR      		CODE           	35F6	0000	54
		_TMR0_Initialize		CODE           	358A	0000	54

mcc_generated_files/tmr0.c estimated size: 160

C:\Program Files\Microchip\xc8\v2.31\pic\sources\c99\common\atoi.c
		_atoi          		CODE           	25B8	0000	410

C:\Program Files\Microchip\xc8\v2.31\pic\sources\c99\common\atoi.c estimated size: 410

C:\Program Files\Microchip\xc8\v2.31\pic\sources\c99\common\abs.c
		_abs           		CODE           	33F0	0000	64

C:\Program Files\Microchip\xc8\v2.31\pic\sources\c99\common\abs.c estimated size: 64

C:\Program Files\Microchip\xc8\v2.31\pic\sources\c99\common\strlen.c
		_strlen        		CODE           	35C0	0000	54

C:\Program Files\Microchip\xc8\v2.31\pic\sources\c99\common\strlen.c estimated size: 54

mcc_generated_files/pin_manager.c
		_PIN_MANAGER_Initialize		CODE           	365C	0000	44

mcc_generated_files/pin_manager.c estimated size: 44

mcc_generated_files/adc.c
		_ADC_Initialize		CODE           	3798	0000	22

mcc_generated_files/adc.c estimated size: 22

C:\Program Files\Microchip\xc8\v2.31\pic\sources\c99\common\isupper.c
		_isupper       		CODE           	351A	0000	56

C:\Program Files\Microchip\xc8\v2.31\pic\sources\c99\common\isupper.c estimated size: 56

C:\Program Files\Microchip\xc8\v2.31\pic\sources\c99\common\lodiv.c
		___lodiv       		CODE           	2BB6	0000	240

C:\Program Files\Microchip\xc8\v2.31\pic\sources\c99\common\lodiv.c estimated size: 240

C:\Program Files\Microchip\xc8\v2.31\pic\sources\c99\common\aodiv.c
		___aodiv       		CODE           	2752	0000	392

C:\Program Files\Microchip\xc8\v2.31\pic\sources\c99\common\aodiv.c estimated size: 392

C:\Program Files\Microchip\xc8\v2.31\pic\sources\c99\common\nf_fputc.c
		_fputc         		CODE           	3052	0000	150

C:\Program Files\Microchip\xc8\v2.31\pic\sources\c99\common\nf_fputc.c estimated size: 150

shared
		i2_TMR0_WriteTimer		CODE           	3836	0000	10
		_sin           		MEDIUMCONST    	F317	0000	26
		__initialization		CODE           	3176	0000	104
		_spi2_configuration		MEDIUMCONST    	F331	0000	4

shared estimated size: 144

mcc_generated_files/eusart1.c
		_EUSART1_is_rx_ready		CODE           	37C4	0000	20
		_EUSART1_Initialize		CODE           	3430	0000	62
		_putch         		CODE           	382C	0000	10
		_EUSART1_SetFramingErrorHandler		CODE           	3818	0000	10
		_EUSART1_Read  		CODE           	36B0	0000	40
		_EUSART1_SetOverrunErrorHandler		CODE           	380E	0000	10
		_EUSART1_SetErrorHandler		CODE           	3822	0000	10
		_EUSART1_Write 		CODE           	37AE	0000	22

mcc_generated_files/eusart1.c estimated size: 184

mcc_generated_files/mcc.c
		_OSCILLATOR_Initialize		CODE           	3762	0000	28
		_SYSTEM_Initialize		CODE           	36D8	0000	38

mcc_generated_files/mcc.c estimated size: 66

C:\Program Files\Microchip\xc8\v2.31\pic\sources\c99\common\islower.c
		_islower       		CODE           	34E2	0000	56

C:\Program Files\Microchip\xc8\v2.31\pic\sources\c99\common\islower.c estimated size: 56

C:\Program Files\Microchip\xc8\v2.31\pic\sources\c99\common\doprnt.c
		_vfpfcnvrt     		CODE           	1286	0000	1412
		_pad           		CODE           	2E4A	0000	194
		_ctoa          		CODE           	2CA6	0000	212
		_dtoa          		CODE           	180A	0000	740
		_vfprintf      		CODE           	3254	0000	100
		_utoa          		CODE           	1FD8	0000	520
		_xtoa          		CODE           	1AEE	0000	734

C:\Program Files\Microchip\xc8\v2.31\pic\sources\c99\common\doprnt.c estimated size: 3912

mcc_generated_files/epwm1.c
		_EPWM1_LoadDutyValue		CODE           	362C	0000	48
		_EPWM1_Initialize		CODE           	3724	0000	32

mcc_generated_files/epwm1.c estimated size: 80

C:\Program Files\Microchip\xc8\v2.31\pic\sources\c99\common\toupper.c
		_toupper       		CODE           	32B8	0000	94

C:\Program Files\Microchip\xc8\v2.31\pic\sources\c99\common\toupper.c estimated size: 94

C:\Program Files\Microchip\xc8\v2.31\pic\sources\c99\common\isalpha.c
		_isalpha       		CODE           	346E	0000	60

C:\Program Files\Microchip\xc8\v2.31\pic\sources\c99\common\isalpha.c estimated size: 60

C:\Program Files\Microchip\xc8\v2.31\pic\sources\c99\common\isspace.c
		_isspace       		CODE           	3316	0000	82

C:\Program Files\Microchip\xc8\v2.31\pic\sources\c99\common\isspace.c estimated size: 82

C:\Program Files\Microchip\xc8\v2.31\pic\sources\c99\common\Umul16.c
		___wmul        		CODE           	36FE	0000	38

C:\Program Files\Microchip\xc8\v2.31\pic\sources\c99\common\Umul16.c estimated size: 38

mcc_generated_files/spi2.c
		_SPI2_ExchangeByte		CODE           	377E	0000	26
		_SPI2_Open     		CODE           	2F0C	0000	172
		_SPI2_Initialize		CODE           	37D8	0000	18
		_SPI2_Close    		CODE           	3844	0000	4

mcc_generated_files/spi2.c estimated size: 220

main.c
		_printAscii    		CODE           	21E0	0000	492
		_incrementAddress		CODE           	3368	0000	68
		_main          		CODE           	0052	0000	4660
		_printAddress  		CODE           	31E8	0000	108
		_myTMR0ISR     		CODE           	1DCC	0000	524

main.c estimated size: 5852

sdCard.c
		_SDCARD_Initialize		CODE           	28DA	0000	376
		_hexDumpBuffer 		CODE           	23CC	0000	492
		_SDCARD_PollWriteComplete		CODE           	34AA	0000	56
		_SDCARD_ReadBlock		CODE           	2FB8	0000	154
		_SDCARD_WriteBlock		CODE           	30E8	0000	142

sdCard.c estimated size: 1220

